Archive member included to satisfy reference by file (symbol)

/usr/lib/gcc/arm-none-eabi/9.2.1/thumb/v7-m/nofp/libgcc.a(_arm_muldf3.o)
                              CMakeFiles/myFOC.elf.dir/MyLibrary/SVPWM.c.obj (__aeabi_dmul)
/usr/lib/gcc/arm-none-eabi/9.2.1/thumb/v7-m/nofp/libgcc.a(_arm_mulsf3.o)
                              CMakeFiles/myFOC.elf.dir/MyLibrary/SVPWM.c.obj (__aeabi_fmul)
/usr/lib/gcc/arm-none-eabi/9.2.1/thumb/v7-m/nofp/libgcc.a(_arm_addsubdf3.o)
                              CMakeFiles/myFOC.elf.dir/MyLibrary/SVPWM.c.obj (__aeabi_dsub)
/usr/lib/gcc/arm-none-eabi/9.2.1/thumb/v7-m/nofp/libgcc.a(_arm_muldivdf3.o)
                              CMakeFiles/myFOC.elf.dir/MyLibrary/SVPWM.c.obj (__aeabi_ddiv)
/usr/lib/gcc/arm-none-eabi/9.2.1/thumb/v7-m/nofp/libgcc.a(_arm_cmpdf2.o)
                              CMakeFiles/myFOC.elf.dir/MyLibrary/SVPWM.c.obj (__aeabi_dcmplt)
/usr/lib/gcc/arm-none-eabi/9.2.1/thumb/v7-m/nofp/libgcc.a(_arm_fixdfsi.o)
                              CMakeFiles/myFOC.elf.dir/MyLibrary/SVPWM.c.obj (__aeabi_d2iz)
/usr/lib/gcc/arm-none-eabi/9.2.1/thumb/v7-m/nofp/libgcc.a(_arm_truncdfsf2.o)
                              CMakeFiles/myFOC.elf.dir/MyLibrary/SVPWM.c.obj (__aeabi_d2f)
/usr/lib/gcc/arm-none-eabi/9.2.1/thumb/v7-m/nofp/libgcc.a(_arm_addsubsf3.o)
                              CMakeFiles/myFOC.elf.dir/MyLibrary/SVPWM.c.obj (__aeabi_fsub)
/usr/lib/gcc/arm-none-eabi/9.2.1/thumb/v7-m/nofp/libgcc.a(_arm_cmpsf2.o)
                              CMakeFiles/myFOC.elf.dir/MyLibrary/SVPWM.c.obj (__aeabi_fcmpge)
/usr/lib/gcc/arm-none-eabi/9.2.1/thumb/v7-m/nofp/libgcc.a(_arm_fixsfsi.o)
                              CMakeFiles/myFOC.elf.dir/MyLibrary/SVPWM.c.obj (__aeabi_f2iz)
/usr/lib/gcc/arm-none-eabi/9.2.1/../../../arm-none-eabi/lib/thumb/v7-m/nofp/libg.a(lib_a-atexit.o)
                              /usr/lib/gcc/arm-none-eabi/9.2.1/../../../arm-none-eabi/lib/thumb/v7-m/nofp/crt0.o (atexit)
/usr/lib/gcc/arm-none-eabi/9.2.1/../../../arm-none-eabi/lib/thumb/v7-m/nofp/libg.a(lib_a-errno.o)
                              CMakeFiles/myFOC.elf.dir/Core/Src/syscalls.c.obj (__errno)
/usr/lib/gcc/arm-none-eabi/9.2.1/../../../arm-none-eabi/lib/thumb/v7-m/nofp/libg.a(lib_a-exit.o)
                              /usr/lib/gcc/arm-none-eabi/9.2.1/../../../arm-none-eabi/lib/thumb/v7-m/nofp/crt0.o (exit)
/usr/lib/gcc/arm-none-eabi/9.2.1/../../../arm-none-eabi/lib/thumb/v7-m/nofp/libg.a(lib_a-fini.o)
                              /usr/lib/gcc/arm-none-eabi/9.2.1/../../../arm-none-eabi/lib/thumb/v7-m/nofp/crt0.o (__libc_fini_array)
/usr/lib/gcc/arm-none-eabi/9.2.1/../../../arm-none-eabi/lib/thumb/v7-m/nofp/libg.a(lib_a-impure.o)
                              /usr/lib/gcc/arm-none-eabi/9.2.1/../../../arm-none-eabi/lib/thumb/v7-m/nofp/libg.a(lib_a-exit.o) (_global_impure_ptr)
/usr/lib/gcc/arm-none-eabi/9.2.1/../../../arm-none-eabi/lib/thumb/v7-m/nofp/libg.a(lib_a-init.o)
                              /usr/lib/gcc/arm-none-eabi/9.2.1/../../../arm-none-eabi/lib/thumb/v7-m/nofp/crt0.o (__libc_init_array)
/usr/lib/gcc/arm-none-eabi/9.2.1/../../../arm-none-eabi/lib/thumb/v7-m/nofp/libg.a(lib_a-memcpy.o)
                              CMakeFiles/myFOC.elf.dir/Middlewares/Third_Party/RealThread_RTOS/components/finsh/cmd.c.obj (memcpy)
/usr/lib/gcc/arm-none-eabi/9.2.1/../../../arm-none-eabi/lib/thumb/v7-m/nofp/libg.a(lib_a-memset.o)
                              /usr/lib/gcc/arm-none-eabi/9.2.1/../../../arm-none-eabi/lib/thumb/v7-m/nofp/crt0.o (memset)
/usr/lib/gcc/arm-none-eabi/9.2.1/../../../arm-none-eabi/lib/thumb/v7-m/nofp/libg.a(lib_a-strcpy.o)
                              CMakeFiles/myFOC.elf.dir/Middlewares/Third_Party/RealThread_RTOS/components/finsh/shell.c.obj (strcpy)
/usr/lib/gcc/arm-none-eabi/9.2.1/../../../arm-none-eabi/lib/thumb/v7-m/nofp/libg.a(lib_a-strlen-stub.o)
                              CMakeFiles/myFOC.elf.dir/Middlewares/Third_Party/RealThread_RTOS/components/finsh/msh.c.obj (strlen)
/usr/lib/gcc/arm-none-eabi/9.2.1/../../../arm-none-eabi/lib/thumb/v7-m/nofp/libg.a(lib_a-strncmp.o)
                              CMakeFiles/myFOC.elf.dir/Middlewares/Third_Party/RealThread_RTOS/components/finsh/cmd.c.obj (strncmp)
/usr/lib/gcc/arm-none-eabi/9.2.1/../../../arm-none-eabi/lib/thumb/v7-m/nofp/libg.a(lib_a-strncpy.o)
                              CMakeFiles/myFOC.elf.dir/Middlewares/Third_Party/RealThread_RTOS/components/finsh/shell.c.obj (strncpy)
/usr/lib/gcc/arm-none-eabi/9.2.1/../../../arm-none-eabi/lib/thumb/v7-m/nofp/libg.a(lib_a-__atexit.o)
                              /usr/lib/gcc/arm-none-eabi/9.2.1/../../../arm-none-eabi/lib/thumb/v7-m/nofp/libg.a(lib_a-atexit.o) (__register_exitproc)
/usr/lib/gcc/arm-none-eabi/9.2.1/../../../arm-none-eabi/lib/thumb/v7-m/nofp/libg.a(lib_a-__call_atexit.o)
                              /usr/lib/gcc/arm-none-eabi/9.2.1/../../../arm-none-eabi/lib/thumb/v7-m/nofp/libg.a(lib_a-exit.o) (__call_exitprocs)
[...]
Memory Configuration

Name             Origin             Length             Attributes
RAM              0x0000000020000000 0x0000000000010000 xrw
FLASH            0x0000000008000000 0x0000000000080000 xr
*default*        0x0000000000000000 0xffffffffffffffff

Linker script and memory map

LOAD /usr/lib/gcc/arm-none-eabi/9.2.1/thumb/v7-m/nofp/crti.o
LOAD /usr/lib/gcc/arm-none-eabi/9.2.1/thumb/v7-m/nofp/crtbegin.o
LOAD /usr/lib/gcc/arm-none-eabi/9.2.1/../../../arm-none-eabi/lib/thumb/v7-m/nofp/crt0.o
LOAD CMakeFiles/myFOC.elf.dir/Core/Src/adc.c.obj
LOAD CMakeFiles/myFOC.elf.dir/Core/Src/gpio.c.obj
LOAD CMakeFiles/myFOC.elf.dir/Core/Src/main.c.obj
LOAD CMakeFiles/myFOC.elf.dir/Core/Src/stm32f1xx_hal_msp.c.obj
LOAD CMakeFiles/myFOC.elf.dir/Core/Src/stm32f1xx_it.c.obj
LOAD CMakeFiles/myFOC.elf.dir/Core/Src/syscalls.c.obj
LOAD CMakeFiles/myFOC.elf.dir/Core/Src/sysmem.c.obj
LOAD CMakeFiles/myFOC.elf.dir/Core/Src/system_stm32f1xx.c.obj
LOAD CMakeFiles/myFOC.elf.dir/Core/Src/tim.c.obj
LOAD CMakeFiles/myFOC.elf.dir/Core/Src/usart.c.obj
LOAD CMakeFiles/myFOC.elf.dir/Core/Startup/startup_stm32f103vetx.s.obj
LOAD CMakeFiles/myFOC.elf.dir/Drivers/STM32F1xx_HAL_Driver/Src/stm32f1xx_hal.c.obj
LOAD CMakeFiles/myFOC.elf.dir/Drivers/STM32F1xx_HAL_Driver/Src/stm32f1xx_hal_adc.c.obj
LOAD CMakeFiles/myFOC.elf.dir/Drivers/STM32F1xx_HAL_Driver/Src/stm32f1xx_hal_adc_ex.c.obj
LOAD CMakeFiles/myFOC.elf.dir/Drivers/STM32F1xx_HAL_Driver/Src/stm32f1xx_hal_cortex.c.obj
LOAD CMakeFiles/myFOC.elf.dir/Drivers/STM32F1xx_HAL_Driver/Src/stm32f1xx_hal_dma.c.obj
LOAD CMakeFiles/myFOC.elf.dir/Drivers/STM32F1xx_HAL_Driver/Src/stm32f1xx_hal_exti.c.obj
LOAD CMakeFiles/myFOC.elf.dir/Drivers/STM32F1xx_HAL_Driver/Src/stm32f1xx_hal_flash.c.obj
LOAD CMakeFiles/myFOC.elf.dir/Drivers/STM32F1xx_HAL_Driver/Src/stm32f1xx_hal_flash_ex.c.obj
LOAD CMakeFiles/myFOC.elf.dir/Drivers/STM32F1xx_HAL_Driver/Src/stm32f1xx_hal_gpio.c.obj
LOAD CMakeFiles/myFOC.elf.dir/Drivers/STM32F1xx_HAL_Driver/Src/stm32f1xx_hal_gpio_ex.c.obj
LOAD CMakeFiles/myFOC.elf.dir/Drivers/STM32F1xx_HAL_Driver/Src/stm32f1xx_hal_pwr.c.obj
LOAD CMakeFiles/myFOC.elf.dir/Drivers/STM32F1xx_HAL_Driver/Src/stm32f1xx_hal_rcc.c.obj
LOAD CMakeFiles/myFOC.elf.dir/Drivers/STM32F1xx_HAL_Driver/Src/stm32f1xx_hal_rcc_ex.c.obj
LOAD CMakeFiles/myFOC.elf.dir/Drivers/STM32F1xx_HAL_Driver/Src/stm32f1xx_hal_tim.c.obj
LOAD CMakeFiles/myFOC.elf.dir/Drivers/STM32F1xx_HAL_Driver/Src/stm32f1xx_hal_tim_ex.c.obj
LOAD CMakeFiles/myFOC.elf.dir/Drivers/STM32F1xx_HAL_Driver/Src/stm32f1xx_hal_uart.c.obj
LOAD CMakeFiles/myFOC.elf.dir/Middlewares/Third_Party/RealThread_RTOS/bsp/_template/cubemx_config/board.c.obj
LOAD CMakeFiles/myFOC.elf.dir/Middlewares/Third_Party/RealThread_RTOS/components/finsh/cmd.c.obj
LOAD CMakeFiles/myFOC.elf.dir/Middlewares/Third_Party/RealThread_RTOS/components/finsh/finsh_port.c.obj
LOAD CMakeFiles/myFOC.elf.dir/Middlewares/Third_Party/RealThread_RTOS/components/finsh/msh.c.obj
LOAD CMakeFiles/myFOC.elf.dir/Middlewares/Third_Party/RealThread_RTOS/components/finsh/shell.c.obj
LOAD CMakeFiles/myFOC.elf.dir/Middlewares/Third_Party/RealThread_RTOS/libcpu/arm/cortex-m3/context_gcc.S.obj
LOAD CMakeFiles/myFOC.elf.dir/Middlewares/Third_Party/RealThread_RTOS/libcpu/arm/cortex-m3/cpuport.c.obj
LOAD CMakeFiles/myFOC.elf.dir/Middlewares/Third_Party/RealThread_RTOS/src/clock.c.obj
LOAD CMakeFiles/myFOC.elf.dir/Middlewares/Third_Party/RealThread_RTOS/src/components.c.obj
LOAD CMakeFiles/myFOC.elf.dir/Middlewares/Third_Party/RealThread_RTOS/src/cpu.c.obj
LOAD CMakeFiles/myFOC.elf.dir/Middlewares/Third_Party/RealThread_RTOS/src/idle.c.obj
LOAD CMakeFiles/myFOC.elf.dir/Middlewares/Third_Party/RealThread_RTOS/src/ipc.c.obj
LOAD CMakeFiles/myFOC.elf.dir/Middlewares/Third_Party/RealThread_RTOS/src/irq.c.obj
LOAD CMakeFiles/myFOC.elf.dir/Middlewares/Third_Party/RealThread_RTOS/src/kservice.c.obj
LOAD CMakeFiles/myFOC.elf.dir/Middlewares/Third_Party/RealThread_RTOS/src/mem.c.obj
LOAD CMakeFiles/myFOC.elf.dir/Middlewares/Third_Party/RealThread_RTOS/src/memheap.c.obj
LOAD CMakeFiles/myFOC.elf.dir/Middlewares/Third_Party/RealThread_RTOS/src/mempool.c.obj
LOAD CMakeFiles/myFOC.elf.dir/Middlewares/Third_Party/RealThread_RTOS/src/object.c.obj
LOAD CMakeFiles/myFOC.elf.dir/Middlewares/Third_Party/RealThread_RTOS/src/scheduler.c.obj
LOAD CMakeFiles/myFOC.elf.dir/Middlewares/Third_Party/RealThread_RTOS/src/slab.c.obj
LOAD CMakeFiles/myFOC.elf.dir/Middlewares/Third_Party/RealThread_RTOS/src/thread.c.obj
LOAD CMakeFiles/myFOC.elf.dir/Middlewares/Third_Party/RealThread_RTOS/src/timer.c.obj
LOAD CMakeFiles/myFOC.elf.dir/MyLibrary/SVPWM.c.obj
LOAD CMakeFiles/myFOC.elf.dir/RT-Thread/rt_mailbox.c.obj
LOAD CMakeFiles/myFOC.elf.dir/RT-Thread/rt_task.c.obj
START GROUP
LOAD /usr/lib/gcc/arm-none-eabi/9.2.1/thumb/v7-m/nofp/libgcc.a
LOAD /usr/lib/gcc/arm-none-eabi/9.2.1/../../../arm-none-eabi/lib/thumb/v7-m/nofp/libg.a
LOAD /usr/lib/gcc/arm-none-eabi/9.2.1/../../../arm-none-eabi/lib/thumb/v7-m/nofp/libc.a
END GROUP
LOAD /usr/lib/gcc/arm-none-eabi/9.2.1/thumb/v7-m/nofp/crtend.o
LOAD /usr/lib/gcc/arm-none-eabi/9.2.1/thumb/v7-m/nofp/crtn.o
                0x0000000020010000                _estack = (ORIGIN (RAM) + LENGTH (RAM))
                0x0000000000000200                _Min_Heap_Size = 0x200
                0x0000000000000400                _Min_Stack_Size = 0x400

.isr_vector     0x0000000008000000      0x1e4
                0x0000000008000000                . = ALIGN (0x4)
 *(.isr_vector)
 .isr_vector    0x0000000008000000      0x1e4 CMakeFiles/myFOC.elf.dir/Core/Startup/startup_stm32f103vetx.s.obj
                0x0000000008000000                g_pfnVectors
                0x00000000080001e4                . = ALIGN (0x4)

.text           0x00000000080001e4     0x4dc8
                0x00000000080001e4                . = ALIGN (0x4)
 *(.text)
 .text          0x00000000080001e4       0x88 /usr/lib/gcc/arm-none-eabi/9.2.1/thumb/v7-m/nofp/crtbegin.o
 .text          0x000000000800026c      0x100 CMakeFiles/myFOC.elf.dir/Middlewares/Third_Party/RealThread_RTOS/libcpu/arm/cortex-m3/context_gcc.S.obj
                0x000000000800026c                rt_hw_interrupt_disable
                0x0000000008000274                rt_hw_interrupt_enable
                0x000000000800027a                rt_hw_context_switch_interrupt
                0x000000000800027a                rt_hw_context_switch
                0x000000000800029a                PendSV_Handler
                0x00000000080002d6                rt_hw_context_switch_to
                0x0000000008000310                rt_hw_interrupt_thread_switch
                0x0000000008000314                HardFault_Handler
                0x000000000800034a                rt_hw_interrupt_check
 .text          0x000000000800036c      0x168 /usr/lib/gcc/arm-none-eabi/9.2.1/thumb/v7-m/nofp/libgcc.a(_arm_mulsf3.o)
                0x000000000800036c                __mulsf3
                0x000000000800036c                __aeabi_fmul
 .text          0x00000000080004d4      0x21c /usr/lib/gcc/arm-none-eabi/9.2.1/thumb/v7-m/nofp/libgcc.a(_arm_addsubsf3.o)
                0x00000000080004d4                __aeabi_frsub
                0x00000000080004dc                __subsf3
                0x00000000080004dc                __aeabi_fsub
                0x00000000080004e0                __aeabi_fadd
                0x00000000080004e0                __addsf3
                0x0000000008000640                __aeabi_ui2f
                0x0000000008000640                __floatunsisf
                0x0000000008000648                __aeabi_i2f
                0x0000000008000648                __floatsisf
                0x0000000008000664                __floatundisf
                0x0000000008000664                __aeabi_ul2f
                0x0000000008000674                __floatdisf
                0x0000000008000674                __aeabi_l2f
 .text          0x00000000080006f0       0x4c /usr/lib/gcc/arm-none-eabi/9.2.1/thumb/v7-m/nofp/libgcc.a(_arm_fixsfsi.o)
                0x00000000080006f0                __fixsfsi
                0x00000000080006f0                __aeabi_f2iz
 .text          0x000000000800073c        0xc /usr/lib/gcc/arm-none-eabi/9.2.1/../../../arm-none-eabi/lib/thumb/v7-m/nofp/libg.a(lib_a-atexit.o)
                0x000000000800073c                atexit
 .text          0x0000000008000748       0x34 /usr/lib/gcc/arm-none-eabi/9.2.1/../../../arm-none-eabi/lib/thumb/v7-m/nofp/libg.a(lib_a-fini.o)
                0x0000000008000748                __libc_fini_array
 .text          0x000000000800077c       0x48 /usr/lib/gcc/arm-none-eabi/9.2.1/../../../arm-none-eabi/lib/thumb/v7-m/nofp/libg.a(lib_a-init.o)
                0x000000000800077c                __libc_init_array
 .text          0x00000000080007c4       0xec /usr/lib/gcc/arm-none-eabi/9.2.1/../../../arm-none-eabi/lib/thumb/v7-m/nofp/libg.a(lib_a-memcpy.o)
                0x00000000080007c4                memcpy
 .text          0x00000000080008b0       0xa0 /usr/lib/gcc/arm-none-eabi/9.2.1/../../../arm-none-eabi/lib/thumb/v7-m/nofp/libg.a(lib_a-memset.o)
                0x00000000080008b0                memset
 .text          0x0000000008000950       0x5c /usr/lib/gcc/arm-none-eabi/9.2.1/../../../arm-none-eabi/lib/thumb/v7-m/nofp/libg.a(lib_a-strlen-stub.o)
                0x0000000008000950                strlen
 .text          0x00000000080009ac       0xa0 /usr/lib/gcc/arm-none-eabi/9.2.1/../../../arm-none-eabi/lib/thumb/v7-m/nofp/libg.a(lib_a-strncmp.o)
                0x00000000080009ac                strncmp
 .text          0x0000000008000a4c       0x74 /usr/lib/gcc/arm-none-eabi/9.2.1/../../../arm-none-eabi/lib/thumb/v7-m/nofp/libg.a(lib_a-strncpy.o)
                0x0000000008000a4c                strncpy
 .text          0x0000000008000ac0       0x64 /usr/lib/gcc/arm-none-eabi/9.2.1/../../../arm-none-eabi/lib/thumb/v7-m/nofp/libg.a(lib_a-__atexit.o)
                0x0000000008000ac0                __register_exitproc
 *(.text*)
 .text.MX_ADC1_Init
                0x0000000008000b24       0x5c CMakeFiles/myFOC.elf.dir/Core/Src/adc.c.obj
                0x0000000008000b24                MX_ADC1_Init
 .text.HAL_ADC_MspInit
                0x0000000008000b80       0x60 CMakeFiles/myFOC.elf.dir/Core/Src/adc.c.obj
                0x0000000008000b80                HAL_ADC_MspInit
 .text.MX_GPIO_Init
                0x0000000008000be0       0x54 CMakeFiles/myFOC.elf.dir/Core/Src/gpio.c.obj
                0x0000000008000be0                MX_GPIO_Init
 .text.Error_Handler
                0x0000000008000c34        0x4 CMakeFiles/myFOC.elf.dir/Core/Src/main.c.obj
                0x0000000008000c34                Error_Handler
 .text.SystemClock_Config
                0x0000000008000c38       0x84 CMakeFiles/myFOC.elf.dir/Core/Src/main.c.obj
                0x0000000008000c38                SystemClock_Config
 .text.main     0x0000000008000cbc       0x28 CMakeFiles/myFOC.elf.dir/Core/Src/main.c.obj
                0x0000000008000cbc                main
 .text.HAL_MspInit
                0x0000000008000ce4       0x44 CMakeFiles/myFOC.elf.dir/Core/Src/stm32f1xx_hal_msp.c.obj
                0x0000000008000ce4                HAL_MspInit
 .text.NMI_Handler
                0x0000000008000d28        0x2 CMakeFiles/myFOC.elf.dir/Core/Src/stm32f1xx_it.c.obj
                0x0000000008000d28                NMI_Handler
 .text.MemManage_Handler
                0x0000000008000d2a        0x2 CMakeFiles/myFOC.elf.dir/Core/Src/stm32f1xx_it.c.obj
                0x0000000008000d2a                MemManage_Handler
 .text.BusFault_Handler
                0x0000000008000d2c        0x2 CMakeFiles/myFOC.elf.dir/Core/Src/stm32f1xx_it.c.obj
                0x0000000008000d2c                BusFault_Handler
 .text.UsageFault_Handler
                0x0000000008000d2e        0x2 CMakeFiles/myFOC.elf.dir/Core/Src/stm32f1xx_it.c.obj
                0x0000000008000d2e                UsageFault_Handler
 .text.DebugMon_Handler
                0x0000000008000d30        0x2 CMakeFiles/myFOC.elf.dir/Core/Src/stm32f1xx_it.c.obj
                0x0000000008000d30                DebugMon_Handler
 .text.SystemInit
                0x0000000008000d32        0x2 CMakeFiles/myFOC.elf.dir/Core/Src/system_stm32f1xx.c.obj
                0x0000000008000d32                SystemInit
 .text.SystemCoreClockUpdate
                0x0000000008000d34       0x94 CMakeFiles/myFOC.elf.dir/Core/Src/system_stm32f1xx.c.obj
                0x0000000008000d34                SystemCoreClockUpdate
 .text.HAL_TIM_PWM_MspInit
                0x0000000008000dc8       0x4c CMakeFiles/myFOC.elf.dir/Core/Src/tim.c.obj
                0x0000000008000dc8                HAL_TIM_PWM_MspInit
 .text.HAL_TIM_MspPostInit
                0x0000000008000e14       0x9c CMakeFiles/myFOC.elf.dir/Core/Src/tim.c.obj
                0x0000000008000e14                HAL_TIM_MspPostInit
 .text.MX_TIM1_Init
                0x0000000008000eb0       0xf0 CMakeFiles/myFOC.elf.dir/Core/Src/tim.c.obj
                0x0000000008000eb0                MX_TIM1_Init
 .text.MX_TIM3_Init
                0x0000000008000fa0       0x84 CMakeFiles/myFOC.elf.dir/Core/Src/tim.c.obj
                0x0000000008000fa0                MX_TIM3_Init
 .text.MX_USART1_UART_Init
                0x0000000008001024       0x34 CMakeFiles/myFOC.elf.dir/Core/Src/usart.c.obj
                0x0000000008001024                MX_USART1_UART_Init
 .text.HAL_UART_MspInit
                0x0000000008001058       0x78 CMakeFiles/myFOC.elf.dir/Core/Src/usart.c.obj
                0x0000000008001058                HAL_UART_MspInit
 .text.Reset_Handler
                0x00000000080010d0       0x48 CMakeFiles/myFOC.elf.dir/Core/Startup/startup_stm32f103vetx.s.obj
                0x00000000080010d0                Reset_Handler
 .text.Default_Handler
                0x0000000008001118        0x2 CMakeFiles/myFOC.elf.dir/Core/Startup/startup_stm32f103vetx.s.obj
                0x0000000008001118                RTC_Alarm_IRQHandler
                0x0000000008001118                EXTI2_IRQHandler
                0x0000000008001118                TIM8_TRG_COM_IRQHandler
                0x0000000008001118                TIM8_CC_IRQHandler
                0x0000000008001118                TIM1_CC_IRQHandler
                0x0000000008001118                TIM6_IRQHandler
                0x0000000008001118                PVD_IRQHandler
                0x0000000008001118                SDIO_IRQHandler
                0x0000000008001118                EXTI3_IRQHandler
                0x0000000008001118                EXTI0_IRQHandler
                0x0000000008001118                I2C2_EV_IRQHandler
                0x0000000008001118                ADC1_2_IRQHandler
                0x0000000008001118                SPI1_IRQHandler
                0x0000000008001118                TAMPER_IRQHandler
                0x0000000008001118                TIM8_UP_IRQHandler
                0x0000000008001118                DMA2_Channel2_IRQHandler
                0x0000000008001118                DMA1_Channel4_IRQHandler
                0x0000000008001118                USART3_IRQHandler
                0x0000000008001118                RTC_IRQHandler
                0x0000000008001118                DMA1_Channel7_IRQHandler
                0x0000000008001118                CAN1_RX1_IRQHandler
                0x0000000008001118                UART5_IRQHandler
                0x0000000008001118                ADC3_IRQHandler
                0x0000000008001118                TIM4_IRQHandler
                0x0000000008001118                DMA2_Channel1_IRQHandler
                0x0000000008001118                I2C1_EV_IRQHandler
                0x0000000008001118                DMA1_Channel6_IRQHandler
                0x0000000008001118                UART4_IRQHandler
                0x0000000008001118                TIM3_IRQHandler
                0x0000000008001118                RCC_IRQHandler
                0x0000000008001118                TIM1_TRG_COM_IRQHandler
                0x0000000008001118                DMA1_Channel1_IRQHandler
                0x0000000008001118                Default_Handler
                0x0000000008001118                EXTI15_10_IRQHandler
                0x0000000008001118                TIM7_IRQHandler
                0x0000000008001118                TIM5_IRQHandler
                0x0000000008001118                EXTI9_5_IRQHandler
                0x0000000008001118                SPI2_IRQHandler
                0x0000000008001118                SVC_Handler
                0x0000000008001118                DMA1_Channel5_IRQHandler
                0x0000000008001118                EXTI4_IRQHandler
                0x0000000008001118                USB_LP_CAN1_RX0_IRQHandler
                0x0000000008001118                USB_HP_CAN1_TX_IRQHandler
                0x0000000008001118                DMA1_Channel3_IRQHandler
                0x0000000008001118                FSMC_IRQHandler
                0x0000000008001118                TIM1_UP_IRQHandler
                0x0000000008001118                WWDG_IRQHandler
                0x0000000008001118                TIM2_IRQHandler
                0x0000000008001118                TIM1_BRK_IRQHandler
                0x0000000008001118                EXTI1_IRQHandler
                0x0000000008001118                DMA2_Channel4_5_IRQHandler
                0x0000000008001118                USART2_IRQHandler
                0x0000000008001118                I2C2_ER_IRQHandler
                0x0000000008001118                DMA1_Channel2_IRQHandler
                0x0000000008001118                TIM8_BRK_IRQHandler
                0x0000000008001118                CAN1_SCE_IRQHandler
                0x0000000008001118                FLASH_IRQHandler
                0x0000000008001118                USART1_IRQHandler
                0x0000000008001118                SPI3_IRQHandler
                0x0000000008001118                I2C1_ER_IRQHandler
                0x0000000008001118                USBWakeUp_IRQHandler
                0x0000000008001118                DMA2_Channel3_IRQHandler
 *fill*         0x000000000800111a        0x2 
 .text.HAL_InitTick
                0x000000000800111c       0x4c CMakeFiles/myFOC.elf.dir/Drivers/STM32F1xx_HAL_Driver/Src/stm32f1xx_hal.c.obj
                0x000000000800111c                HAL_InitTick
 .text.HAL_Init
                0x0000000008001168       0x24 CMakeFiles/myFOC.elf.dir/Drivers/STM32F1xx_HAL_Driver/Src/stm32f1xx_hal.c.obj
                0x0000000008001168                HAL_Init
 .text.HAL_GetTick
                0x000000000800118c        0xc CMakeFiles/myFOC.elf.dir/Drivers/STM32F1xx_HAL_Driver/Src/stm32f1xx_hal.c.obj
                0x000000000800118c                HAL_GetTick
 .text.HAL_ADC_GetValue
                0x0000000008001198        0x6 CMakeFiles/myFOC.elf.dir/Drivers/STM32F1xx_HAL_Driver/Src/stm32f1xx_hal_adc.c.obj
                0x0000000008001198                HAL_ADC_GetValue
 *fill*         0x000000000800119e        0x2 
 .text.HAL_ADC_ConfigChannel
                0x00000000080011a0      0x138 CMakeFiles/myFOC.elf.dir/Drivers/STM32F1xx_HAL_Driver/Src/stm32f1xx_hal_adc.c.obj
                0x00000000080011a0                HAL_ADC_ConfigChannel
 .text.ADC_Enable
                0x00000000080012d8       0x88 CMakeFiles/myFOC.elf.dir/Drivers/STM32F1xx_HAL_Driver/Src/stm32f1xx_hal_adc.c.obj
                0x00000000080012d8                ADC_Enable
 .text.HAL_ADC_Start
                0x0000000008001360       0xe8 CMakeFiles/myFOC.elf.dir/Drivers/STM32F1xx_HAL_Driver/Src/stm32f1xx_hal_adc.c.obj
                0x0000000008001360                HAL_ADC_Start
 .text.ADC_ConversionStop_Disable
                0x0000000008001448       0x56 CMakeFiles/myFOC.elf.dir/Drivers/STM32F1xx_HAL_Driver/Src/stm32f1xx_hal_adc.c.obj
                0x0000000008001448                ADC_ConversionStop_Disable
 *fill*         0x000000000800149e        0x2 
 .text.HAL_ADC_Init
                0x00000000080014a0      0x124 CMakeFiles/myFOC.elf.dir/Drivers/STM32F1xx_HAL_Driver/Src/stm32f1xx_hal_adc.c.obj
                0x00000000080014a0                HAL_ADC_Init
 .text.HAL_NVIC_SetPriorityGrouping
                0x00000000080015c4       0x24 CMakeFiles/myFOC.elf.dir/Drivers/STM32F1xx_HAL_Driver/Src/stm32f1xx_hal_cortex.c.obj
                0x00000000080015c4                HAL_NVIC_SetPriorityGrouping
 .text.HAL_NVIC_SetPriority
                0x00000000080015e8       0x68 CMakeFiles/myFOC.elf.dir/Drivers/STM32F1xx_HAL_Driver/Src/stm32f1xx_hal_cortex.c.obj
                0x00000000080015e8                HAL_NVIC_SetPriority
 .text.HAL_SYSTICK_Config
                0x0000000008001650       0x2c CMakeFiles/myFOC.elf.dir/Drivers/STM32F1xx_HAL_Driver/Src/stm32f1xx_hal_cortex.c.obj
                0x0000000008001650                HAL_SYSTICK_Config
 .text.HAL_GPIO_Init
                0x000000000800167c      0x238 CMakeFiles/myFOC.elf.dir/Drivers/STM32F1xx_HAL_Driver/Src/stm32f1xx_hal_gpio.c.obj
                0x000000000800167c                HAL_GPIO_Init
 .text.RCC_Delay
                0x00000000080018b4       0x2c CMakeFiles/myFOC.elf.dir/Drivers/STM32F1xx_HAL_Driver/Src/stm32f1xx_hal_rcc.c.obj
 .text.HAL_RCC_OscConfig
                0x00000000080018e0      0x410 CMakeFiles/myFOC.elf.dir/Drivers/STM32F1xx_HAL_Driver/Src/stm32f1xx_hal_rcc.c.obj
                0x00000000080018e0                HAL_RCC_OscConfig
 .text.HAL_RCC_GetSysClockFreq
                0x0000000008001cf0       0x54 CMakeFiles/myFOC.elf.dir/Drivers/STM32F1xx_HAL_Driver/Src/stm32f1xx_hal_rcc.c.obj
                0x0000000008001cf0                HAL_RCC_GetSysClockFreq
 .text.HAL_RCC_ClockConfig
                0x0000000008001d44      0x16c CMakeFiles/myFOC.elf.dir/Drivers/STM32F1xx_HAL_Driver/Src/stm32f1xx_hal_rcc.c.obj
                0x0000000008001d44                HAL_RCC_ClockConfig
 .text.HAL_RCC_GetHCLKFreq
                0x0000000008001eb0        0xc CMakeFiles/myFOC.elf.dir/Drivers/STM32F1xx_HAL_Driver/Src/stm32f1xx_hal_rcc.c.obj
                0x0000000008001eb0                HAL_RCC_GetHCLKFreq
 .text.HAL_RCC_GetPCLK1Freq
                0x0000000008001ebc       0x20 CMakeFiles/myFOC.elf.dir/Drivers/STM32F1xx_HAL_Driver/Src/stm32f1xx_hal_rcc.c.obj
                0x0000000008001ebc                HAL_RCC_GetPCLK1Freq
 .text.HAL_RCC_GetPCLK2Freq
                0x0000000008001edc       0x20 CMakeFiles/myFOC.elf.dir/Drivers/STM32F1xx_HAL_Driver/Src/stm32f1xx_hal_rcc.c.obj
                0x0000000008001edc                HAL_RCC_GetPCLK2Freq
 .text.HAL_RCCEx_PeriphCLKConfig
                0x0000000008001efc      0x114 CMakeFiles/myFOC.elf.dir/Drivers/STM32F1xx_HAL_Driver/Src/stm32f1xx_hal_rcc_ex.c.obj
                0x0000000008001efc                HAL_RCCEx_PeriphCLKConfig
 .text.TIM_OC1_SetConfig
                0x0000000008002010       0x68 CMakeFiles/myFOC.elf.dir/Drivers/STM32F1xx_HAL_Driver/Src/stm32f1xx_hal_tim.c.obj
 .text.TIM_OC3_SetConfig
                0x0000000008002078       0x70 CMakeFiles/myFOC.elf.dir/Drivers/STM32F1xx_HAL_Driver/Src/stm32f1xx_hal_tim.c.obj
 .text.TIM_OC4_SetConfig
                0x00000000080020e8       0x50 CMakeFiles/myFOC.elf.dir/Drivers/STM32F1xx_HAL_Driver/Src/stm32f1xx_hal_tim.c.obj
 .text.HAL_TIM_OC_MspInit
                0x0000000008002138        0x2 CMakeFiles/myFOC.elf.dir/Drivers/STM32F1xx_HAL_Driver/Src/stm32f1xx_hal_tim.c.obj
                0x0000000008002138                HAL_TIM_OC_MspInit
 *fill*         0x000000000800213a        0x2 
 .text.TIM_Base_SetConfig
                0x000000000800213c       0x98 CMakeFiles/myFOC.elf.dir/Drivers/STM32F1xx_HAL_Driver/Src/stm32f1xx_hal_tim.c.obj
                0x000000000800213c                TIM_Base_SetConfig
 .text.HAL_TIM_OC_Init
                0x00000000080021d4       0x58 CMakeFiles/myFOC.elf.dir/Drivers/STM32F1xx_HAL_Driver/Src/stm32f1xx_hal_tim.c.obj
                0x00000000080021d4                HAL_TIM_OC_Init
 .text.HAL_TIM_PWM_Init
                0x000000000800222c       0x58 CMakeFiles/myFOC.elf.dir/Drivers/STM32F1xx_HAL_Driver/Src/stm32f1xx_hal_tim.c.obj
                0x000000000800222c                HAL_TIM_PWM_Init
 .text.TIM_OC2_SetConfig
                0x0000000008002284       0x70 CMakeFiles/myFOC.elf.dir/Drivers/STM32F1xx_HAL_Driver/Src/stm32f1xx_hal_tim.c.obj
                0x0000000008002284                TIM_OC2_SetConfig
 .text.HAL_TIM_OC_ConfigChannel
                0x00000000080022f4       0x5e CMakeFiles/myFOC.elf.dir/Drivers/STM32F1xx_HAL_Driver/Src/stm32f1xx_hal_tim.c.obj
                0x00000000080022f4                HAL_TIM_OC_ConfigChannel
 .text.HAL_TIM_PWM_ConfigChannel
                0x0000000008002352       0xdc CMakeFiles/myFOC.elf.dir/Drivers/STM32F1xx_HAL_Driver/Src/stm32f1xx_hal_tim.c.obj
                0x0000000008002352                HAL_TIM_PWM_ConfigChannel
 .text.TIM_CCxChannelCmd
                0x000000000800242e       0x22 CMakeFiles/myFOC.elf.dir/Drivers/STM32F1xx_HAL_Driver/Src/stm32f1xx_hal_tim.c.obj
                0x000000000800242e                TIM_CCxChannelCmd
 .text.HAL_TIM_PWM_Start
                0x0000000008002450       0xf4 CMakeFiles/myFOC.elf.dir/Drivers/STM32F1xx_HAL_Driver/Src/stm32f1xx_hal_tim.c.obj
                0x0000000008002450                HAL_TIM_PWM_Start
 .text.HAL_TIMEx_MasterConfigSynchronization
                0x0000000008002544       0x78 CMakeFiles/myFOC.elf.dir/Drivers/STM32F1xx_HAL_Driver/Src/stm32f1xx_hal_tim_ex.c.obj
                0x0000000008002544                HAL_TIMEx_MasterConfigSynchronization
 .text.HAL_TIMEx_ConfigBreakDeadTime
                0x00000000080025bc       0x52 CMakeFiles/myFOC.elf.dir/Drivers/STM32F1xx_HAL_Driver/Src/stm32f1xx_hal_tim_ex.c.obj
                0x00000000080025bc                HAL_TIMEx_ConfigBreakDeadTime
 *fill*         0x000000000800260e        0x2 
 .text.UART_SetConfig
                0x0000000008002610       0x90 CMakeFiles/myFOC.elf.dir/Drivers/STM32F1xx_HAL_Driver/Src/stm32f1xx_hal_uart.c.obj
 .text.UART_WaitOnFlagUntilTimeout
                0x00000000080026a0       0x84 CMakeFiles/myFOC.elf.dir/Drivers/STM32F1xx_HAL_Driver/Src/stm32f1xx_hal_uart.c.obj
 .text.HAL_UART_Init
                0x0000000008002724       0x60 CMakeFiles/myFOC.elf.dir/Drivers/STM32F1xx_HAL_Driver/Src/stm32f1xx_hal_uart.c.obj
                0x0000000008002724                HAL_UART_Init
 .text.HAL_UART_Transmit
                0x0000000008002784       0xbe CMakeFiles/myFOC.elf.dir/Drivers/STM32F1xx_HAL_Driver/Src/stm32f1xx_hal_uart.c.obj
                0x0000000008002784                HAL_UART_Transmit
 *fill*         0x0000000008002842        0x2 
 .text.uart_init
                0x0000000008002844       0x34 CMakeFiles/myFOC.elf.dir/Middlewares/Third_Party/RealThread_RTOS/bsp/_template/cubemx_config/board.c.obj
 .text.rt_heap_begin_get
                0x0000000008002878        0x8 CMakeFiles/myFOC.elf.dir/Middlewares/Third_Party/RealThread_RTOS/bsp/_template/cubemx_config/board.c.obj
                0x0000000008002878                rt_heap_begin_get
 .text.rt_heap_end_get
                0x0000000008002880        0x8 CMakeFiles/myFOC.elf.dir/Middlewares/Third_Party/RealThread_RTOS/bsp/_template/cubemx_config/board.c.obj
                0x0000000008002880                rt_heap_end_get
 .text.SysTick_Handler
                0x0000000008002888       0x10 CMakeFiles/myFOC.elf.dir/Middlewares/Third_Party/RealThread_RTOS/bsp/_template/cubemx_config/board.c.obj
                0x0000000008002888                SysTick_Handler
 .text.rt_hw_board_init
                0x0000000008002898       0x3c CMakeFiles/myFOC.elf.dir/Middlewares/Third_Party/RealThread_RTOS/bsp/_template/cubemx_config/board.c.obj
                0x0000000008002898                rt_hw_board_init
 .text.rt_hw_console_output
                0x00000000080028d4       0x50 CMakeFiles/myFOC.elf.dir/Middlewares/Third_Party/RealThread_RTOS/bsp/_template/cubemx_config/board.c.obj
                0x00000000080028d4                rt_hw_console_output
 .text.rt_hw_console_getchar
                0x0000000008002924       0x28 CMakeFiles/myFOC.elf.dir/Middlewares/Third_Party/RealThread_RTOS/bsp/_template/cubemx_config/board.c.obj
                0x0000000008002924                rt_hw_console_getchar
 .text.hello    0x000000000800294c       0x10 CMakeFiles/myFOC.elf.dir/Middlewares/Third_Party/RealThread_RTOS/components/finsh/cmd.c.obj
                0x000000000800294c                hello
 .text.show_wait_queue
                0x000000000800295c       0x30 CMakeFiles/myFOC.elf.dir/Middlewares/Third_Party/RealThread_RTOS/components/finsh/cmd.c.obj
 .text.version  0x000000000800298c        0xa CMakeFiles/myFOC.elf.dir/Middlewares/Third_Party/RealThread_RTOS/components/finsh/cmd.c.obj
                0x000000000800298c                version
 .text.list_get_next
                0x0000000008002996       0x66 CMakeFiles/myFOC.elf.dir/Middlewares/Third_Party/RealThread_RTOS/components/finsh/cmd.c.obj
 .text.list_find_init
                0x00000000080029fc       0x20 CMakeFiles/myFOC.elf.dir/Middlewares/Third_Party/RealThread_RTOS/components/finsh/cmd.c.obj
 .text.list_thread
                0x0000000008002a1c      0x14c CMakeFiles/myFOC.elf.dir/Middlewares/Third_Party/RealThread_RTOS/components/finsh/cmd.c.obj
                0x0000000008002a1c                list_thread
 .text.list_sem
                0x0000000008002b68      0x100 CMakeFiles/myFOC.elf.dir/Middlewares/Third_Party/RealThread_RTOS/components/finsh/cmd.c.obj
                0x0000000008002b68                list_sem
 .text.list_timer
                0x0000000008002c68       0xd8 CMakeFiles/myFOC.elf.dir/Middlewares/Third_Party/RealThread_RTOS/components/finsh/cmd.c.obj
                0x0000000008002c68                list_timer
 .text.list     0x0000000008002d40       0x4c CMakeFiles/myFOC.elf.dir/Middlewares/Third_Party/RealThread_RTOS/components/finsh/cmd.c.obj
                0x0000000008002d40                list
 .text.str_common
                0x0000000008002d8c       0x24 CMakeFiles/myFOC.elf.dir/Middlewares/Third_Party/RealThread_RTOS/components/finsh/msh.c.obj
 .text.msh_split
                0x0000000008002db0       0xb8 CMakeFiles/myFOC.elf.dir/Middlewares/Third_Party/RealThread_RTOS/components/finsh/msh.c.obj
 .text.msh_help
                0x0000000008002e68       0x58 CMakeFiles/myFOC.elf.dir/Middlewares/Third_Party/RealThread_RTOS/components/finsh/msh.c.obj
                0x0000000008002e68                msh_help
 .text.msh_get_cmd
                0x0000000008002ec0       0x50 CMakeFiles/myFOC.elf.dir/Middlewares/Third_Party/RealThread_RTOS/components/finsh/msh.c.obj
 .text.cmd_ps   0x0000000008002f10        0xa CMakeFiles/myFOC.elf.dir/Middlewares/Third_Party/RealThread_RTOS/components/finsh/msh.c.obj
                0x0000000008002f10                cmd_ps
 .text.cmd_free
                0x0000000008002f1a        0xa CMakeFiles/myFOC.elf.dir/Middlewares/Third_Party/RealThread_RTOS/components/finsh/msh.c.obj
                0x0000000008002f1a                cmd_free
 .text._msh_exec_cmd
                0x0000000008002f24       0x5e CMakeFiles/myFOC.elf.dir/Middlewares/Third_Party/RealThread_RTOS/components/finsh/msh.c.obj
 .text.msh_is_used
                0x0000000008002f82        0x4 CMakeFiles/myFOC.elf.dir/Middlewares/Third_Party/RealThread_RTOS/components/finsh/msh.c.obj
                0x0000000008002f82                msh_is_used
 *fill*         0x0000000008002f86        0x2 
 .text.msh_exec
                0x0000000008002f88       0x54 CMakeFiles/myFOC.elf.dir/Middlewares/Third_Party/RealThread_RTOS/components/finsh/msh.c.obj
                0x0000000008002f88                msh_exec
 .text.msh_auto_complete
                0x0000000008002fdc       0xa0 CMakeFiles/myFOC.elf.dir/Middlewares/Third_Party/RealThread_RTOS/components/finsh/msh.c.obj
                0x0000000008002fdc                msh_auto_complete
 .text.finsh_getchar
                0x000000000800307c        0x8 CMakeFiles/myFOC.elf.dir/Middlewares/Third_Party/RealThread_RTOS/components/finsh/shell.c.obj
 .text.finsh_get_prompt
                0x0000000008003084       0x78 CMakeFiles/myFOC.elf.dir/Middlewares/Third_Party/RealThread_RTOS/components/finsh/shell.c.obj
                0x0000000008003084                finsh_get_prompt
 .text.shell_auto_complete
                0x00000000080030fc       0x34 CMakeFiles/myFOC.elf.dir/Middlewares/Third_Party/RealThread_RTOS/components/finsh/shell.c.obj
 .text.finsh_thread_entry
                0x0000000008003130      0x2c8 CMakeFiles/myFOC.elf.dir/Middlewares/Third_Party/RealThread_RTOS/components/finsh/shell.c.obj
                0x0000000008003130                finsh_thread_entry
 .text.finsh_set_prompt_mode
                0x00000000080033f8       0x18 CMakeFiles/myFOC.elf.dir/Middlewares/Third_Party/RealThread_RTOS/components/finsh/shell.c.obj
                0x00000000080033f8                finsh_set_prompt_mode
 .text.finsh_system_function_init
                0x0000000008003410       0x14 CMakeFiles/myFOC.elf.dir/Middlewares/Third_Party/RealThread_RTOS/components/finsh/shell.c.obj
                0x0000000008003410                finsh_system_function_init
 .text.finsh_system_var_init
                0x0000000008003424       0x14 CMakeFiles/myFOC.elf.dir/Middlewares/Third_Party/RealThread_RTOS/components/finsh/shell.c.obj
                0x0000000008003424                finsh_system_var_init
 .text.finsh_system_init
                0x0000000008003438       0x90 CMakeFiles/myFOC.elf.dir/Middlewares/Third_Party/RealThread_RTOS/components/finsh/shell.c.obj
                0x0000000008003438                finsh_system_init
 .text.bus_fault_track
                0x00000000080034c8       0xb4 CMakeFiles/myFOC.elf.dir/Middlewares/Third_Party/RealThread_RTOS/libcpu/arm/cortex-m3/cpuport.c.obj
 .text.mem_manage_fault_track
                0x000000000800357c       0xa0 CMakeFiles/myFOC.elf.dir/Middlewares/Third_Party/RealThread_RTOS/libcpu/arm/cortex-m3/cpuport.c.obj
 .text.usage_fault_track
                0x000000000800361c       0xb0 CMakeFiles/myFOC.elf.dir/Middlewares/Third_Party/RealThread_RTOS/libcpu/arm/cortex-m3/cpuport.c.obj
 .text.hard_fault_track
                0x00000000080036cc       0x70 CMakeFiles/myFOC.elf.dir/Middlewares/Third_Party/RealThread_RTOS/libcpu/arm/cortex-m3/cpuport.c.obj
 .text.rt_hw_stack_init
                0x000000000800373c       0x4c CMakeFiles/myFOC.elf.dir/Middlewares/Third_Party/RealThread_RTOS/libcpu/arm/cortex-m3/cpuport.c.obj
                0x000000000800373c                rt_hw_stack_init
 .text.rt_hw_hard_fault_exception
                0x0000000008003788      0x104 CMakeFiles/myFOC.elf.dir/Middlewares/Third_Party/RealThread_RTOS/libcpu/arm/cortex-m3/cpuport.c.obj
                0x0000000008003788                rt_hw_hard_fault_exception
 .text.rt_tick_get
                0x000000000800388c        0xc CMakeFiles/myFOC.elf.dir/Middlewares/Third_Party/RealThread_RTOS/src/clock.c.obj
                0x000000000800388c                rt_tick_get
 .text.rt_tick_increase
                0x0000000008003898       0x2c CMakeFiles/myFOC.elf.dir/Middlewares/Third_Party/RealThread_RTOS/src/clock.c.obj
                0x0000000008003898                rt_tick_increase
 .text.rt_tick_from_millisecond
                0x00000000080038c4       0x3c CMakeFiles/myFOC.elf.dir/Middlewares/Third_Party/RealThread_RTOS/src/clock.c.obj
                0x00000000080038c4                rt_tick_from_millisecond
 .text.rti_start
                0x0000000008003900        0x4 CMakeFiles/myFOC.elf.dir/Middlewares/Third_Party/RealThread_RTOS/src/components.c.obj
 .text.rti_board_start
                0x0000000008003904        0x4 CMakeFiles/myFOC.elf.dir/Middlewares/Third_Party/RealThread_RTOS/src/components.c.obj
 .text.rti_board_end
                0x0000000008003908        0x4 CMakeFiles/myFOC.elf.dir/Middlewares/Third_Party/RealThread_RTOS/src/components.c.obj
 .text.rti_end  0x000000000800390c        0x4 CMakeFiles/myFOC.elf.dir/Middlewares/Third_Party/RealThread_RTOS/src/components.c.obj
 .text.rt_components_board_init
                0x0000000008003910       0x1c CMakeFiles/myFOC.elf.dir/Middlewares/Third_Party/RealThread_RTOS/src/components.c.obj
                0x0000000008003910                rt_components_board_init
 .text.rt_components_init
                0x000000000800392c       0x1c CMakeFiles/myFOC.elf.dir/Middlewares/Third_Party/RealThread_RTOS/src/components.c.obj
                0x000000000800392c                rt_components_init
 .text.main_thread_entry
                0x0000000008003948        0xc CMakeFiles/myFOC.elf.dir/Middlewares/Third_Party/RealThread_RTOS/src/components.c.obj
                0x0000000008003948                main_thread_entry
 .text.rt_application_init
                0x0000000008003954       0x2c CMakeFiles/myFOC.elf.dir/Middlewares/Third_Party/RealThread_RTOS/src/components.c.obj
                0x0000000008003954                rt_application_init
 .text.rtthread_startup
                0x0000000008003980       0x2a CMakeFiles/myFOC.elf.dir/Middlewares/Third_Party/RealThread_RTOS/src/components.c.obj
                0x0000000008003980                rtthread_startup
 .text.entry    0x00000000080039aa        0xa CMakeFiles/myFOC.elf.dir/Middlewares/Third_Party/RealThread_RTOS/src/components.c.obj
                0x00000000080039aa                entry
 .text.rt_thread_idle_excute
                0x00000000080039b4       0x44 CMakeFiles/myFOC.elf.dir/Middlewares/Third_Party/RealThread_RTOS/src/idle.c.obj
                0x00000000080039b4                rt_thread_idle_excute
 .text.rt_thread_idle_entry
                0x00000000080039f8        0x8 CMakeFiles/myFOC.elf.dir/Middlewares/Third_Party/RealThread_RTOS/src/idle.c.obj
 .text.rt_thread_idle_init
                0x0000000008003a00       0x40 CMakeFiles/myFOC.elf.dir/Middlewares/Third_Party/RealThread_RTOS/src/idle.c.obj
                0x0000000008003a00                rt_thread_idle_init
 .text.rt_sem_init
                0x0000000008003a40       0x20 CMakeFiles/myFOC.elf.dir/Middlewares/Third_Party/RealThread_RTOS/src/ipc.c.obj
                0x0000000008003a40                rt_sem_init
 .text.rt_sem_take
                0x0000000008003a60       0xcc CMakeFiles/myFOC.elf.dir/Middlewares/Third_Party/RealThread_RTOS/src/ipc.c.obj
                0x0000000008003a60                rt_sem_take
 .text.rt_sem_release
                0x0000000008003b2c       0x50 CMakeFiles/myFOC.elf.dir/Middlewares/Third_Party/RealThread_RTOS/src/ipc.c.obj
                0x0000000008003b2c                rt_sem_release
 .text.rt_interrupt_enter
                0x0000000008003b7c       0x1c CMakeFiles/myFOC.elf.dir/Middlewares/Third_Party/RealThread_RTOS/src/irq.c.obj
                0x0000000008003b7c                rt_interrupt_enter
 .text.rt_interrupt_leave
                0x0000000008003b98       0x1c CMakeFiles/myFOC.elf.dir/Middlewares/Third_Party/RealThread_RTOS/src/irq.c.obj
                0x0000000008003b98                rt_interrupt_leave
 .text.print_number
                0x0000000008003bb4      0x168 CMakeFiles/myFOC.elf.dir/Middlewares/Third_Party/RealThread_RTOS/src/kservice.c.obj
 .text.rt_memset
                0x0000000008003d1c       0x4e CMakeFiles/myFOC.elf.dir/Middlewares/Third_Party/RealThread_RTOS/src/kservice.c.obj
                0x0000000008003d1c                rt_memset
 .text.rt_memmove
                0x0000000008003d6a       0x3a CMakeFiles/myFOC.elf.dir/Middlewares/Third_Party/RealThread_RTOS/src/kservice.c.obj
                0x0000000008003d6a                rt_memmove
 .text.rt_strncpy
                0x0000000008003da4       0x28 CMakeFiles/myFOC.elf.dir/Middlewares/Third_Party/RealThread_RTOS/src/kservice.c.obj
                0x0000000008003da4                rt_strncpy
 .text.rt_strlen
                0x0000000008003dcc        0xe CMakeFiles/myFOC.elf.dir/Middlewares/Third_Party/RealThread_RTOS/src/kservice.c.obj
                0x0000000008003dcc                rt_strlen
 *fill*         0x0000000008003dda        0x2 
 .text.rt_vsnprintf
                0x0000000008003ddc      0x328 CMakeFiles/myFOC.elf.dir/Middlewares/Third_Party/RealThread_RTOS/src/kservice.c.obj
                0x0000000008003ddc                rt_vsnprintf
 .text.rt_kprintf
                0x0000000008004104       0x2c CMakeFiles/myFOC.elf.dir/Middlewares/Third_Party/RealThread_RTOS/src/kservice.c.obj
                0x0000000008004104                rt_kprintf
 .text.rt_show_version
                0x0000000008004130       0x40 CMakeFiles/myFOC.elf.dir/Middlewares/Third_Party/RealThread_RTOS/src/kservice.c.obj
                0x0000000008004130                rt_show_version
 .text.__rt_ffs
                0x0000000008004170       0x44 CMakeFiles/myFOC.elf.dir/Middlewares/Third_Party/RealThread_RTOS/src/kservice.c.obj
                0x0000000008004170                __rt_ffs
 .text.plug_holes
                0x00000000080041b4       0x68 CMakeFiles/myFOC.elf.dir/Middlewares/Third_Party/RealThread_RTOS/src/mem.c.obj
 .text.list_mem
                0x000000000800421c       0x3c CMakeFiles/myFOC.elf.dir/Middlewares/Third_Party/RealThread_RTOS/src/mem.c.obj
                0x000000000800421c                list_mem
 .text.rt_system_heap_init
                0x0000000008004258       0x80 CMakeFiles/myFOC.elf.dir/Middlewares/Third_Party/RealThread_RTOS/src/mem.c.obj
                0x0000000008004258                rt_system_heap_init
 .text.rt_malloc
                0x00000000080042d8      0x120 CMakeFiles/myFOC.elf.dir/Middlewares/Third_Party/RealThread_RTOS/src/mem.c.obj
                0x00000000080042d8                rt_malloc
 .text.rt_calloc
                0x00000000080043f8       0x1c CMakeFiles/myFOC.elf.dir/Middlewares/Third_Party/RealThread_RTOS/src/mem.c.obj
                0x00000000080043f8                rt_calloc
 .text.rt_free  0x0000000008004414       0xa8 CMakeFiles/myFOC.elf.dir/Middlewares/Third_Party/RealThread_RTOS/src/mem.c.obj
                0x0000000008004414                rt_free
 .text.rt_object_get_information
                0x00000000080044bc       0x24 CMakeFiles/myFOC.elf.dir/Middlewares/Third_Party/RealThread_RTOS/src/object.c.obj
                0x00000000080044bc                rt_object_get_information
 .text.rt_object_init
                0x00000000080044e0       0x52 CMakeFiles/myFOC.elf.dir/Middlewares/Third_Party/RealThread_RTOS/src/object.c.obj
                0x00000000080044e0                rt_object_init
 .text.rt_object_detach
                0x0000000008004532       0x24 CMakeFiles/myFOC.elf.dir/Middlewares/Third_Party/RealThread_RTOS/src/object.c.obj
                0x0000000008004532                rt_object_detach
 .text.rt_object_allocate
                0x0000000008004556       0x4c CMakeFiles/myFOC.elf.dir/Middlewares/Third_Party/RealThread_RTOS/src/object.c.obj
                0x0000000008004556                rt_object_allocate
 .text.rt_object_delete
                0x00000000080045a2       0x2a CMakeFiles/myFOC.elf.dir/Middlewares/Third_Party/RealThread_RTOS/src/object.c.obj
                0x00000000080045a2                rt_object_delete
 .text.rt_object_is_systemobject
                0x00000000080045cc       0x10 CMakeFiles/myFOC.elf.dir/Middlewares/Third_Party/RealThread_RTOS/src/object.c.obj
                0x00000000080045cc                rt_object_is_systemobject
 .text.rt_system_scheduler_init
                0x00000000080045dc       0x4c CMakeFiles/myFOC.elf.dir/Middlewares/Third_Party/RealThread_RTOS/src/scheduler.c.obj
                0x00000000080045dc                rt_system_scheduler_init
 .text.rt_system_scheduler_start
                0x0000000008004628       0x30 CMakeFiles/myFOC.elf.dir/Middlewares/Third_Party/RealThread_RTOS/src/scheduler.c.obj
                0x0000000008004628                rt_system_scheduler_start
 .text.rt_schedule
                0x0000000008004658       0x74 CMakeFiles/myFOC.elf.dir/Middlewares/Third_Party/RealThread_RTOS/src/scheduler.c.obj
                0x0000000008004658                rt_schedule
 .text.rt_schedule_insert_thread
                0x00000000080046cc       0x4c CMakeFiles/myFOC.elf.dir/Middlewares/Third_Party/RealThread_RTOS/src/scheduler.c.obj
                0x00000000080046cc                rt_schedule_insert_thread
 .text.rt_schedule_remove_thread
                0x0000000008004718       0x48 CMakeFiles/myFOC.elf.dir/Middlewares/Third_Party/RealThread_RTOS/src/scheduler.c.obj
                0x0000000008004718                rt_schedule_remove_thread
 .text.rt_enter_critical
                0x0000000008004760       0x18 CMakeFiles/myFOC.elf.dir/Middlewares/Third_Party/RealThread_RTOS/src/scheduler.c.obj
                0x0000000008004760                rt_enter_critical
 .text.rt_exit_critical
                0x0000000008004778       0x3c CMakeFiles/myFOC.elf.dir/Middlewares/Third_Party/RealThread_RTOS/src/scheduler.c.obj
                0x0000000008004778                rt_exit_critical
 .text._thread_cleanup_execute
                0x00000000080047b4       0x1a CMakeFiles/myFOC.elf.dir/Middlewares/Third_Party/RealThread_RTOS/src/thread.c.obj
 *fill*         0x00000000080047ce        0x2 
 .text.rt_thread_exit
                0x00000000080047d0       0x5c CMakeFiles/myFOC.elf.dir/Middlewares/Third_Party/RealThread_RTOS/src/thread.c.obj
                0x00000000080047d0                rt_thread_exit
 .text._rt_thread_init
                0x000000000800482c       0x78 CMakeFiles/myFOC.elf.dir/Middlewares/Third_Party/RealThread_RTOS/src/thread.c.obj
 .text.rt_thread_timeout
                0x00000000080048a4       0x24 CMakeFiles/myFOC.elf.dir/Middlewares/Third_Party/RealThread_RTOS/src/thread.c.obj
                0x00000000080048a4                rt_thread_timeout
 .text.rt_thread_init
                0x00000000080048c8       0x36 CMakeFiles/myFOC.elf.dir/Middlewares/Third_Party/RealThread_RTOS/src/thread.c.obj
                0x00000000080048c8                rt_thread_init
 *fill*         0x00000000080048fe        0x2 
 .text.rt_thread_self
                0x0000000008004900        0xc CMakeFiles/myFOC.elf.dir/Middlewares/Third_Party/RealThread_RTOS/src/thread.c.obj
                0x0000000008004900                rt_thread_self
 .text.rt_thread_create
                0x000000000800490c       0x50 CMakeFiles/myFOC.elf.dir/Middlewares/Third_Party/RealThread_RTOS/src/thread.c.obj
                0x000000000800490c                rt_thread_create
 .text.rt_thread_yield
                0x000000000800495c       0x5c CMakeFiles/myFOC.elf.dir/Middlewares/Third_Party/RealThread_RTOS/src/thread.c.obj
                0x000000000800495c                rt_thread_yield
 .text.rt_thread_suspend
                0x00000000080049b8       0x44 CMakeFiles/myFOC.elf.dir/Middlewares/Third_Party/RealThread_RTOS/src/thread.c.obj
                0x00000000080049b8                rt_thread_suspend
 .text.rt_thread_sleep
                0x00000000080049fc       0x4c CMakeFiles/myFOC.elf.dir/Middlewares/Third_Party/RealThread_RTOS/src/thread.c.obj
                0x00000000080049fc                rt_thread_sleep
 .text.rt_thread_delay
                0x0000000008004a48        0x8 CMakeFiles/myFOC.elf.dir/Middlewares/Third_Party/RealThread_RTOS/src/thread.c.obj
                0x0000000008004a48                rt_thread_delay
 .text.rt_thread_mdelay
                0x0000000008004a50        0xc CMakeFiles/myFOC.elf.dir/Middlewares/Third_Party/RealThread_RTOS/src/thread.c.obj
                0x0000000008004a50                rt_thread_mdelay
 .text.rt_thread_resume
                0x0000000008004a5c       0x46 CMakeFiles/myFOC.elf.dir/Middlewares/Third_Party/RealThread_RTOS/src/thread.c.obj
                0x0000000008004a5c                rt_thread_resume
 .text.rt_thread_startup
                0x0000000008004aa2       0x28 CMakeFiles/myFOC.elf.dir/Middlewares/Third_Party/RealThread_RTOS/src/thread.c.obj
                0x0000000008004aa2                rt_thread_startup
 .text._rt_timer_init
                0x0000000008004aca       0x30 CMakeFiles/myFOC.elf.dir/Middlewares/Third_Party/RealThread_RTOS/src/timer.c.obj
 .text.rt_timer_init
                0x0000000008004afa       0x28 CMakeFiles/myFOC.elf.dir/Middlewares/Third_Party/RealThread_RTOS/src/timer.c.obj
                0x0000000008004afa                rt_timer_init
 .text.rt_timer_detach
                0x0000000008004b22       0x3e CMakeFiles/myFOC.elf.dir/Middlewares/Third_Party/RealThread_RTOS/src/timer.c.obj
                0x0000000008004b22                rt_timer_detach
 .text.rt_timer_start
                0x0000000008004b60       0xb8 CMakeFiles/myFOC.elf.dir/Middlewares/Third_Party/RealThread_RTOS/src/timer.c.obj
                0x0000000008004b60                rt_timer_start
 .text.rt_timer_stop
                0x0000000008004c18       0x46 CMakeFiles/myFOC.elf.dir/Middlewares/Third_Party/RealThread_RTOS/src/timer.c.obj
                0x0000000008004c18                rt_timer_stop
 .text.rt_timer_control
                0x0000000008004c5e       0x54 CMakeFiles/myFOC.elf.dir/Middlewares/Third_Party/RealThread_RTOS/src/timer.c.obj
                0x0000000008004c5e                rt_timer_control
 *fill*         0x0000000008004cb2        0x2 
 .text.rt_timer_check
                0x0000000008004cb4       0xd0 CMakeFiles/myFOC.elf.dir/Middlewares/Third_Party/RealThread_RTOS/src/timer.c.obj
                0x0000000008004cb4                rt_timer_check
 .text.rt_system_timer_init
                0x0000000008004d84       0x1c CMakeFiles/myFOC.elf.dir/Middlewares/Third_Party/RealThread_RTOS/src/timer.c.obj
                0x0000000008004d84                rt_system_timer_init
 .text.rt_system_timer_thread_init
                0x0000000008004da0        0x2 CMakeFiles/myFOC.elf.dir/Middlewares/Third_Party/RealThread_RTOS/src/timer.c.obj
                0x0000000008004da0                rt_system_timer_thread_init
 *fill*         0x0000000008004da2        0x2 
 .text.led_thread_entry
                0x0000000008004da4       0x30 CMakeFiles/myFOC.elf.dir/RT-Thread/rt_task.c.obj
                0x0000000008004da4                led_thread_entry
 .text.create_led_thread
                0x0000000008004dd4       0x4c CMakeFiles/myFOC.elf.dir/RT-Thread/rt_task.c.obj
                0x0000000008004dd4                create_led_thread
 .text.create_adc_thread
                0x0000000008004e20       0x4c CMakeFiles/myFOC.elf.dir/RT-Thread/rt_task.c.obj
                0x0000000008004e20                create_adc_thread
 .text.adc_thread_entry
                0x0000000008004e6c       0x4c CMakeFiles/myFOC.elf.dir/RT-Thread/rt_task.c.obj
                0x0000000008004e6c                adc_thread_entry
 .text.startup  0x0000000008004eb8       0x14 /usr/lib/gcc/arm-none-eabi/9.2.1/../../../arm-none-eabi/lib/thumb/v7-m/nofp/libg.a(lib_a-__call_atexit.o)
 *(.glue_7)
 .glue_7        0x0000000008004ecc        0x0 linker stubs
 *(.glue_7t)
 .glue_7t       0x0000000008004ecc        0x0 linker stubs
 *(.eh_frame)
 .eh_frame      0x0000000008004ecc        0x0 /usr/lib/gcc/arm-none-eabi/9.2.1/thumb/v7-m/nofp/crtbegin.o
 *(.init)
 .init          0x0000000008004ecc        0x4 /usr/lib/gcc/arm-none-eabi/9.2.1/thumb/v7-m/nofp/crti.o
                0x0000000008004ecc                _init
 .init          0x0000000008004ed0        0x8 /usr/lib/gcc/arm-none-eabi/9.2.1/thumb/v7-m/nofp/crtn.o
 *(.fini)
 .fini          0x0000000008004ed8        0x4 /usr/lib/gcc/arm-none-eabi/9.2.1/thumb/v7-m/nofp/crti.o
                0x0000000008004ed8                _fini
 .fini          0x0000000008004edc        0x8 /usr/lib/gcc/arm-none-eabi/9.2.1/thumb/v7-m/nofp/crtn.o
                0x0000000008004ee4                . = ALIGN (0x4)
                0x0000000008004ee4                _etext = .
                0x0000000008004ee4                . = ALIGN (0x4)
                0x0000000008004ee4                __fsymtab_start = .
 *(FSymTab)
 FSymTab        0x0000000008004ee4       0x78 CMakeFiles/myFOC.elf.dir/Middlewares/Third_Party/RealThread_RTOS/components/finsh/cmd.c.obj
                0x0000000008004ee4                __fsym_list
                0x0000000008004ef0                __fsym___cmd_list_timer
                0x0000000008004efc                __fsym_list_timer
                0x0000000008004f08                __fsym___cmd_list_sem
                0x0000000008004f14                __fsym_list_sem
                0x0000000008004f20                __fsym___cmd_list_thread
                0x0000000008004f2c                __fsym_list_thread
                0x0000000008004f38                __fsym___cmd_version
                0x0000000008004f44                __fsym_version
                0x0000000008004f50                __fsym_hello
 FSymTab        0x0000000008004f5c       0x24 CMakeFiles/myFOC.elf.dir/Middlewares/Third_Party/RealThread_RTOS/components/finsh/msh.c.obj
                0x0000000008004f5c                __fsym___cmd_free
                0x0000000008004f68                __fsym___cmd_ps
                0x0000000008004f74                __fsym___cmd_help
 FSymTab        0x0000000008004f80        0xc CMakeFiles/myFOC.elf.dir/Middlewares/Third_Party/RealThread_RTOS/src/mem.c.obj
                0x0000000008004f80                __fsym_list_mem
                0x0000000008004f8c                __fsymtab_end = .
                0x0000000008004f8c                . = ALIGN (0x4)
                0x0000000008004f8c                __vsymtab_start = .
 *(VSymTab)
                0x0000000008004f8c                __vsymtab_end = .
                0x0000000008004f8c                . = ALIGN (0x4)
                0x0000000008004f8c                . = ALIGN (0x4)
                0x0000000008004f8c                __rt_init_start = .
 *(SORT_BY_NAME(.rti_fn*))
 .rti_fn.0      0x0000000008004f8c        0x4 CMakeFiles/myFOC.elf.dir/Middlewares/Third_Party/RealThread_RTOS/src/components.c.obj
                0x0000000008004f8c                __rt_init_rti_start
 .rti_fn.0.end  0x0000000008004f90        0x4 CMakeFiles/myFOC.elf.dir/Middlewares/Third_Party/RealThread_RTOS/src/components.c.obj
                0x0000000008004f90                __rt_init_rti_board_start
 .rti_fn.1      0x0000000008004f94        0x4 CMakeFiles/myFOC.elf.dir/Middlewares/Third_Party/RealThread_RTOS/bsp/_template/cubemx_config/board.c.obj
                0x0000000008004f94                __rt_init_uart_init
 .rti_fn.1.end  0x0000000008004f98        0x4 CMakeFiles/myFOC.elf.dir/Middlewares/Third_Party/RealThread_RTOS/src/components.c.obj
                0x0000000008004f98                __rt_init_rti_board_end
 .rti_fn.6      0x0000000008004f9c        0x4 CMakeFiles/myFOC.elf.dir/Middlewares/Third_Party/RealThread_RTOS/components/finsh/shell.c.obj
                0x0000000008004f9c                __rt_init_finsh_system_init
 .rti_fn.6      0x0000000008004fa0        0x8 CMakeFiles/myFOC.elf.dir/RT-Thread/rt_task.c.obj
                0x0000000008004fa0                __rt_init_create_adc_thread
                0x0000000008004fa4                __rt_init_create_led_thread
 .rti_fn.6.end  0x0000000008004fa8        0x4 CMakeFiles/myFOC.elf.dir/Middlewares/Third_Party/RealThread_RTOS/src/components.c.obj
                0x0000000008004fa8                __rt_init_rti_end
                0x0000000008004fac                __rt_init_end = .
                0x0000000008004fac                . = ALIGN (0x4)

.vfp11_veneer   0x0000000008004fac        0x0
 .vfp11_veneer  0x0000000008004fac        0x0 linker stubs

.v4_bx          0x0000000008004fac        0x0
 .v4_bx         0x0000000008004fac        0x0 linker stubs

.iplt           0x0000000008004fac        0x0
 .iplt          0x0000000008004fac        0x0 /usr/lib/gcc/arm-none-eabi/9.2.1/thumb/v7-m/nofp/crtbegin.o

.rodata         0x0000000008004fac      0xb2c
                0x0000000008004fac                . = ALIGN (0x4)
 *(.rodata)
 .rodata        0x0000000008004fac        0x4 /usr/lib/gcc/arm-none-eabi/9.2.1/../../../arm-none-eabi/lib/thumb/v7-m/nofp/libg.a(lib_a-impure.o)
                0x0000000008004fac                _global_impure_ptr
 *(.rodata*)
 .rodata.AHBPrescTable
                0x0000000008004fb0       0x10 CMakeFiles/myFOC.elf.dir/Core/Src/system_stm32f1xx.c.obj
                0x0000000008004fb0                AHBPrescTable
 .rodata.APBPrescTable
                0x0000000008004fc0        0x8 CMakeFiles/myFOC.elf.dir/Core/Src/system_stm32f1xx.c.obj
                0x0000000008004fc0                APBPrescTable
 .rodata.aPLLMULFactorTable.6431
                0x0000000008004fc8       0x10 CMakeFiles/myFOC.elf.dir/Drivers/STM32F1xx_HAL_Driver/Src/stm32f1xx_hal_rcc.c.obj
 .rodata.aPredivFactorTable.6432
                0x0000000008004fd8        0x2 CMakeFiles/myFOC.elf.dir/Drivers/STM32F1xx_HAL_Driver/Src/stm32f1xx_hal_rcc.c.obj
 *fill*         0x0000000008004fda        0x2 
 .rodata.hello.str1.4
                0x0000000008004fdc       0x12 CMakeFiles/myFOC.elf.dir/Middlewares/Third_Party/RealThread_RTOS/components/finsh/cmd.c.obj
 *fill*         0x0000000008004fee        0x2 
 .rodata.show_wait_queue.str1.4
                0x0000000008004ff0        0x6 CMakeFiles/myFOC.elf.dir/Middlewares/Third_Party/RealThread_RTOS/components/finsh/cmd.c.obj
 *fill*         0x0000000008004ff6        0x2 
 .rodata.list_thread.str1.4
                0x0000000008004ff8      0x100 CMakeFiles/myFOC.elf.dir/Middlewares/Third_Party/RealThread_RTOS/components/finsh/cmd.c.obj
 .rodata.list_sem.str1.4
                0x00000000080050f8       0x60 CMakeFiles/myFOC.elf.dir/Middlewares/Third_Party/RealThread_RTOS/components/finsh/cmd.c.obj
                                         0x64 (size before relaxing)
 .rodata.list_timer.str1.4
                0x0000000008005158       0x9d CMakeFiles/myFOC.elf.dir/Middlewares/Third_Party/RealThread_RTOS/components/finsh/cmd.c.obj
 *fill*         0x00000000080051f5        0x3 
 .rodata.list.str1.4
                0x00000000080051f8       0x25 CMakeFiles/myFOC.elf.dir/Middlewares/Third_Party/RealThread_RTOS/components/finsh/cmd.c.obj
 *fill*         0x000000000800521d        0x3 
 .rodata.name   0x0000000008005220      0x17e CMakeFiles/myFOC.elf.dir/Middlewares/Third_Party/RealThread_RTOS/components/finsh/cmd.c.obj
                0x0000000008005220                __fsym_list_desc
                0x000000000800523c                __fsym_list_name
                0x0000000008005244                __fsym___cmd_list_timer_desc
                0x000000000800525c                __fsym___cmd_list_timer_name
                0x0000000008005270                __fsym_list_timer_desc
                0x0000000008005288                __fsym_list_timer_name
                0x0000000008005294                __fsym___cmd_list_sem_desc
                0x00000000080052b0                __fsym___cmd_list_sem_name
                0x00000000080052c0                __fsym_list_sem_desc
                0x00000000080052dc                __fsym_list_sem_name
                0x00000000080052e8                __fsym___cmd_list_thread_desc
                0x00000000080052f4                __fsym___cmd_list_thread_name
                0x0000000008005308                __fsym_list_thread_desc
                0x0000000008005314                __fsym_list_thread_name
                0x0000000008005320                __fsym___cmd_version_desc
                0x0000000008005348                __fsym___cmd_version_name
                0x0000000008005358                __fsym_version_desc
                0x0000000008005380                __fsym_version_name
                0x0000000008005388                __fsym_hello_desc
                0x0000000008005398                __fsym_hello_name
 *fill*         0x000000000800539e        0x2 
 .rodata.msh_split.str1.4
                0x00000000080053a0       0x24 CMakeFiles/myFOC.elf.dir/Middlewares/Third_Party/RealThread_RTOS/components/finsh/msh.c.obj
                                         0x26 (size before relaxing)
 .rodata.msh_help.str1.4
                0x00000000080053c4       0x30 CMakeFiles/myFOC.elf.dir/Middlewares/Third_Party/RealThread_RTOS/components/finsh/msh.c.obj
 .rodata.msh_exec.str1.4
                0x00000000080053f4       0x18 CMakeFiles/myFOC.elf.dir/Middlewares/Third_Party/RealThread_RTOS/components/finsh/msh.c.obj
 .rodata.msh_auto_complete.str1.4
                0x000000000800540c       0x18 CMakeFiles/myFOC.elf.dir/Middlewares/Third_Party/RealThread_RTOS/components/finsh/msh.c.obj
                                          0x4 (size before relaxing)
 .rodata.name   0x000000000800540c       0x7f CMakeFiles/myFOC.elf.dir/Middlewares/Third_Party/RealThread_RTOS/components/finsh/msh.c.obj
                0x000000000800540c                __fsym___cmd_free_desc
                0x0000000008005434                __fsym___cmd_free_name
                0x0000000008005440                __fsym___cmd_ps_desc
                0x000000000800545c                __fsym___cmd_ps_name
                0x0000000008005468                __fsym___cmd_help_desc
                0x0000000008005480                __fsym___cmd_help_name
 *fill*         0x000000000800548b        0x1 
 .rodata.finsh_get_prompt.str1.4
                0x000000000800548c       0x12 CMakeFiles/myFOC.elf.dir/Middlewares/Third_Party/RealThread_RTOS/components/finsh/shell.c.obj
 *fill*         0x000000000800549e        0x2 
 .rodata.shell_auto_complete.str1.4
                0x00000000080054a0        0x5 CMakeFiles/myFOC.elf.dir/Middlewares/Third_Party/RealThread_RTOS/components/finsh/shell.c.obj
                                          0x9 (size before relaxing)
 *fill*         0x00000000080054a5        0x3 
 .rodata.finsh_thread_entry.str1.4
                0x00000000080054a8       0x14 CMakeFiles/myFOC.elf.dir/Middlewares/Third_Party/RealThread_RTOS/components/finsh/shell.c.obj
                                         0x17 (size before relaxing)
 .rodata.finsh_system_init.str1.4
                0x00000000080054bc       0x25 CMakeFiles/myFOC.elf.dir/Middlewares/Third_Party/RealThread_RTOS/components/finsh/shell.c.obj
 *fill*         0x00000000080054e1        0x3 
 .rodata.bus_fault_track.str1.4
                0x00000000080054e4       0x70 CMakeFiles/myFOC.elf.dir/Middlewares/Third_Party/RealThread_RTOS/libcpu/arm/cortex-m3/cpuport.c.obj
                                         0x72 (size before relaxing)
 .rodata.mem_manage_fault_track.str1.4
                0x0000000008005554       0x6c CMakeFiles/myFOC.elf.dir/Middlewares/Third_Party/RealThread_RTOS/libcpu/arm/cortex-m3/cpuport.c.obj
 .rodata.usage_fault_track.str1.4
                0x00000000080055c0       0x67 CMakeFiles/myFOC.elf.dir/Middlewares/Third_Party/RealThread_RTOS/libcpu/arm/cortex-m3/cpuport.c.obj
 *fill*         0x0000000008005627        0x1 
 .rodata.hard_fault_track.str1.4
                0x0000000008005628       0x25 CMakeFiles/myFOC.elf.dir/Middlewares/Third_Party/RealThread_RTOS/libcpu/arm/cortex-m3/cpuport.c.obj
 *fill*         0x000000000800564d        0x3 
 .rodata.rt_hw_hard_fault_exception.str1.4
                0x0000000008005650      0x13a CMakeFiles/myFOC.elf.dir/Middlewares/Third_Party/RealThread_RTOS/libcpu/arm/cortex-m3/cpuport.c.obj
 *fill*         0x000000000800578a        0x2 
 .rodata.rt_application_init.str1.4
                0x000000000800578c        0x5 CMakeFiles/myFOC.elf.dir/Middlewares/Third_Party/RealThread_RTOS/src/components.c.obj
 *fill*         0x0000000008005791        0x3 
 .rodata.rt_thread_idle_init.str1.4
                0x0000000008005794        0x6 CMakeFiles/myFOC.elf.dir/Middlewares/Third_Party/RealThread_RTOS/src/idle.c.obj
 *fill*         0x000000000800579a        0x2 
 .rodata.rt_vsnprintf.str1.4
                0x000000000800579c        0x7 CMakeFiles/myFOC.elf.dir/Middlewares/Third_Party/RealThread_RTOS/src/kservice.c.obj
 *fill*         0x00000000080057a3        0x1 
 .rodata.rt_show_version.str1.4
                0x00000000080057a4       0x86 CMakeFiles/myFOC.elf.dir/Middlewares/Third_Party/RealThread_RTOS/src/kservice.c.obj
 *fill*         0x000000000800582a        0x2 
 .rodata.__lowest_bit_bitmap
                0x000000000800582c      0x100 CMakeFiles/myFOC.elf.dir/Middlewares/Third_Party/RealThread_RTOS/src/kservice.c.obj
                0x000000000800582c                __lowest_bit_bitmap
 .rodata.large_digits.4830
                0x000000000800592c       0x11 CMakeFiles/myFOC.elf.dir/Middlewares/Third_Party/RealThread_RTOS/src/kservice.c.obj
 *fill*         0x000000000800593d        0x3 
 .rodata.small_digits.4829
                0x0000000008005940       0x11 CMakeFiles/myFOC.elf.dir/Middlewares/Third_Party/RealThread_RTOS/src/kservice.c.obj
 *fill*         0x0000000008005951        0x3 
 .rodata.list_mem.str1.4
                0x0000000008005954       0x46 CMakeFiles/myFOC.elf.dir/Middlewares/Third_Party/RealThread_RTOS/src/mem.c.obj
 *fill*         0x000000000800599a        0x2 
 .rodata.rt_system_heap_init.str1.4
                0x000000000800599c       0x42 CMakeFiles/myFOC.elf.dir/Middlewares/Third_Party/RealThread_RTOS/src/mem.c.obj
 *fill*         0x00000000080059de        0x2 
 .rodata.rt_free.str1.4
                0x00000000080059e0       0x4c CMakeFiles/myFOC.elf.dir/Middlewares/Third_Party/RealThread_RTOS/src/mem.c.obj
 .rodata.name   0x0000000008005a2c       0x29 CMakeFiles/myFOC.elf.dir/Middlewares/Third_Party/RealThread_RTOS/src/mem.c.obj
                0x0000000008005a2c                __fsym_list_mem_desc
                0x0000000008005a4c                __fsym_list_mem_name
 *fill*         0x0000000008005a55        0x3 
 .rodata.create_led_thread.str1.4
                0x0000000008005a58       0x38 CMakeFiles/myFOC.elf.dir/RT-Thread/rt_task.c.obj
 .rodata.create_adc_thread.str1.4
                0x0000000008005a90       0x38 CMakeFiles/myFOC.elf.dir/RT-Thread/rt_task.c.obj
 .rodata.adc_thread_entry.str1.4
                0x0000000008005ac8        0xf CMakeFiles/myFOC.elf.dir/RT-Thread/rt_task.c.obj
                0x0000000008005ad8                . = ALIGN (0x4)
 *fill*         0x0000000008005ad7        0x1 

.rel.dyn        0x0000000008005ad8        0x0
 .rel.iplt      0x0000000008005ad8        0x0 /usr/lib/gcc/arm-none-eabi/9.2.1/thumb/v7-m/nofp/crtbegin.o

.ARM.extab      0x0000000008005ad8        0x0
                0x0000000008005ad8                . = ALIGN (0x4)
 *(.ARM.extab* .gnu.linkonce.armextab.*)
                0x0000000008005ad8                . = ALIGN (0x4)

.ARM            0x0000000008005ad8        0x0
                0x0000000008005ad8                . = ALIGN (0x4)
                0x0000000008005ad8                __exidx_start = .
 *(.ARM.exidx*)
                0x0000000008005ad8                __exidx_end = .
                0x0000000008005ad8                . = ALIGN (0x4)

.preinit_array  0x0000000008005ad8        0x0
                0x0000000008005ad8                . = ALIGN (0x4)
                0x0000000008005ad8                PROVIDE (__preinit_array_start = .)
 *(.preinit_array*)
                0x0000000008005ad8                PROVIDE (__preinit_array_end = .)
                0x0000000008005ad8                . = ALIGN (0x4)

.init_array     0x0000000008005ad8        0x8
                0x0000000008005ad8                . = ALIGN (0x4)
                0x0000000008005ad8                PROVIDE (__init_array_start = .)
 *(SORT_BY_NAME(.init_array.*))
 .init_array.00000
                0x0000000008005ad8        0x4 /usr/lib/gcc/arm-none-eabi/9.2.1/../../../arm-none-eabi/lib/thumb/v7-m/nofp/libg.a(lib_a-__call_atexit.o)
 *(.init_array*)
 .init_array    0x0000000008005adc        0x4 /usr/lib/gcc/arm-none-eabi/9.2.1/thumb/v7-m/nofp/crtbegin.o
                0x0000000008005ae0                PROVIDE (__init_array_end = .)
                0x0000000008005ae0                . = ALIGN (0x4)

.fini_array     0x0000000008005ae0        0x4
                0x0000000008005ae0                . = ALIGN (0x4)
                0x0000000008005ae0                PROVIDE (__fini_array_start = .)
 *(SORT_BY_NAME(.fini_array.*))
 *(.fini_array*)
 .fini_array    0x0000000008005ae0        0x4 /usr/lib/gcc/arm-none-eabi/9.2.1/thumb/v7-m/nofp/crtbegin.o
                0x0000000008005ae4                PROVIDE (__fini_array_end = .)
                0x0000000008005ae4                . = ALIGN (0x4)
                0x0000000008005ae4                _sidata = LOADADDR (.data)

.data           0x0000000020000000      0x46c load address 0x0000000008005ae4
                0x0000000020000000                . = ALIGN (0x4)
                0x0000000020000000                _sdata = .
 *(.data)
 .data          0x0000000020000000      0x430 /usr/lib/gcc/arm-none-eabi/9.2.1/../../../arm-none-eabi/lib/thumb/v7-m/nofp/libg.a(lib_a-impure.o)
                0x0000000020000000                _impure_ptr
 *(.data*)
 .data.SystemCoreClock
                0x0000000020000430        0x4 CMakeFiles/myFOC.elf.dir/Core/Src/system_stm32f1xx.c.obj
                0x0000000020000430                SystemCoreClock
 .data.uwTickFreq
                0x0000000020000434        0x1 CMakeFiles/myFOC.elf.dir/Drivers/STM32F1xx_HAL_Driver/Src/stm32f1xx_hal.c.obj
                0x0000000020000434                uwTickFreq
 *fill*         0x0000000020000435        0x3 
 .data.uwTickPrio
                0x0000000020000438        0x4 CMakeFiles/myFOC.elf.dir/Drivers/STM32F1xx_HAL_Driver/Src/stm32f1xx_hal.c.obj
                0x0000000020000438                uwTickPrio
 .data.rt_object_container
                0x000000002000043c       0x30 CMakeFiles/myFOC.elf.dir/Middlewares/Third_Party/RealThread_RTOS/src/object.c.obj
 *(.RamFunc)
 *(.RamFunc*)
                0x000000002000046c                . = ALIGN (0x4)
                0x000000002000046c                _edata = .

.tm_clone_table
                0x000000002000046c        0x0 load address 0x0000000008005f50
 .tm_clone_table
                0x000000002000046c        0x0 /usr/lib/gcc/arm-none-eabi/9.2.1/thumb/v7-m/nofp/crtbegin.o
 .tm_clone_table
                0x000000002000046c        0x0 /usr/lib/gcc/arm-none-eabi/9.2.1/thumb/v7-m/nofp/crtend.o

.igot.plt       0x000000002000046c        0x0 load address 0x0000000008005f50
 .igot.plt      0x000000002000046c        0x0 /usr/lib/gcc/arm-none-eabi/9.2.1/thumb/v7-m/nofp/crtbegin.o
                0x000000002000046c                . = ALIGN (0x4)

.bss            0x000000002000046c     0x4178 load address 0x0000000008005f50
                0x000000002000046c                _sbss = .
                0x000000002000046c                __bss_start__ = _sbss
 *(.bss)
 .bss           0x000000002000046c       0x1c /usr/lib/gcc/arm-none-eabi/9.2.1/thumb/v7-m/nofp/crtbegin.o
 *(.bss*)
 .bss.hadc1     0x0000000020000488       0x30 CMakeFiles/myFOC.elf.dir/Core/Src/adc.c.obj
                0x0000000020000488                hadc1
 .bss.htim1     0x00000000200004b8       0x48 CMakeFiles/myFOC.elf.dir/Core/Src/tim.c.obj
                0x00000000200004b8                htim1
 .bss.htim3     0x0000000020000500       0x48 CMakeFiles/myFOC.elf.dir/Core/Src/tim.c.obj
                0x0000000020000500                htim3
 .bss.huart1    0x0000000020000548       0x48 CMakeFiles/myFOC.elf.dir/Core/Src/usart.c.obj
                0x0000000020000548                huart1
 .bss.uwTick    0x0000000020000590        0x4 CMakeFiles/myFOC.elf.dir/Drivers/STM32F1xx_HAL_Driver/Src/stm32f1xx_hal.c.obj
                0x0000000020000590                uwTick
 .bss.UartHandle
                0x0000000020000594       0x48 CMakeFiles/myFOC.elf.dir/Middlewares/Third_Party/RealThread_RTOS/bsp/_template/cubemx_config/board.c.obj
 .bss.rt_heap   0x00000000200005dc     0x3c00 CMakeFiles/myFOC.elf.dir/Middlewares/Third_Party/RealThread_RTOS/bsp/_template/cubemx_config/board.c.obj
 .bss._syscall_table_begin
                0x00000000200041dc        0x4 CMakeFiles/myFOC.elf.dir/Middlewares/Third_Party/RealThread_RTOS/components/finsh/shell.c.obj
                0x00000000200041dc                _syscall_table_begin
 .bss._syscall_table_end
                0x00000000200041e0        0x4 CMakeFiles/myFOC.elf.dir/Middlewares/Third_Party/RealThread_RTOS/components/finsh/shell.c.obj
                0x00000000200041e0                _syscall_table_end
 .bss._sysvar_table_begin
                0x00000000200041e4        0x4 CMakeFiles/myFOC.elf.dir/Middlewares/Third_Party/RealThread_RTOS/components/finsh/shell.c.obj
                0x00000000200041e4                _sysvar_table_begin
 .bss._sysvar_table_end
                0x00000000200041e8        0x4 CMakeFiles/myFOC.elf.dir/Middlewares/Third_Party/RealThread_RTOS/components/finsh/shell.c.obj
                0x00000000200041e8                _sysvar_table_end
 .bss.finsh_prompt.6569
                0x00000000200041ec       0x81 CMakeFiles/myFOC.elf.dir/Middlewares/Third_Party/RealThread_RTOS/components/finsh/shell.c.obj
 *fill*         0x000000002000426d        0x3 
 .bss.finsh_prompt_custom
                0x0000000020004270        0x4 CMakeFiles/myFOC.elf.dir/Middlewares/Third_Party/RealThread_RTOS/components/finsh/shell.c.obj
 .bss.shell     0x0000000020004274        0x4 CMakeFiles/myFOC.elf.dir/Middlewares/Third_Party/RealThread_RTOS/components/finsh/shell.c.obj
                0x0000000020004274                shell
 .bss.rt_exception_hook
                0x0000000020004278        0x4 CMakeFiles/myFOC.elf.dir/Middlewares/Third_Party/RealThread_RTOS/libcpu/arm/cortex-m3/cpuport.c.obj
 .bss.rt_interrupt_from_thread
                0x000000002000427c        0x4 CMakeFiles/myFOC.elf.dir/Middlewares/Third_Party/RealThread_RTOS/libcpu/arm/cortex-m3/cpuport.c.obj
                0x000000002000427c                rt_interrupt_from_thread
 .bss.rt_interrupt_to_thread
                0x0000000020004280        0x4 CMakeFiles/myFOC.elf.dir/Middlewares/Third_Party/RealThread_RTOS/libcpu/arm/cortex-m3/cpuport.c.obj
                0x0000000020004280                rt_interrupt_to_thread
 .bss.rt_thread_switch_interrupt_flag
                0x0000000020004284        0x4 CMakeFiles/myFOC.elf.dir/Middlewares/Third_Party/RealThread_RTOS/libcpu/arm/cortex-m3/cpuport.c.obj
                0x0000000020004284                rt_thread_switch_interrupt_flag
 .bss.rt_tick   0x0000000020004288        0x4 CMakeFiles/myFOC.elf.dir/Middlewares/Third_Party/RealThread_RTOS/src/clock.c.obj
 .bss.idle      0x000000002000428c       0x78 CMakeFiles/myFOC.elf.dir/Middlewares/Third_Party/RealThread_RTOS/src/idle.c.obj
 .bss.rt_thread_stack
                0x0000000020004304      0x100 CMakeFiles/myFOC.elf.dir/Middlewares/Third_Party/RealThread_RTOS/src/idle.c.obj
 .bss.rt_interrupt_nest
                0x0000000020004404        0x1 CMakeFiles/myFOC.elf.dir/Middlewares/Third_Party/RealThread_RTOS/src/irq.c.obj
                0x0000000020004404                rt_interrupt_nest
 *fill*         0x0000000020004405        0x3 
 .bss.rt_log_buf.4934
                0x0000000020004408       0x80 CMakeFiles/myFOC.elf.dir/Middlewares/Third_Party/RealThread_RTOS/src/kservice.c.obj
 .bss.heap_end  0x0000000020004488        0x4 CMakeFiles/myFOC.elf.dir/Middlewares/Third_Party/RealThread_RTOS/src/mem.c.obj
 .bss.heap_ptr  0x000000002000448c        0x4 CMakeFiles/myFOC.elf.dir/Middlewares/Third_Party/RealThread_RTOS/src/mem.c.obj
 .bss.heap_sem  0x0000000020004490       0x20 CMakeFiles/myFOC.elf.dir/Middlewares/Third_Party/RealThread_RTOS/src/mem.c.obj
 .bss.lfree     0x00000000200044b0        0x4 CMakeFiles/myFOC.elf.dir/Middlewares/Third_Party/RealThread_RTOS/src/mem.c.obj
 .bss.max_mem   0x00000000200044b4        0x4 CMakeFiles/myFOC.elf.dir/Middlewares/Third_Party/RealThread_RTOS/src/mem.c.obj
 .bss.mem_size_aligned
                0x00000000200044b8        0x4 CMakeFiles/myFOC.elf.dir/Middlewares/Third_Party/RealThread_RTOS/src/mem.c.obj
 .bss.used_mem  0x00000000200044bc        0x4 CMakeFiles/myFOC.elf.dir/Middlewares/Third_Party/RealThread_RTOS/src/mem.c.obj
 .bss.rt_current_priority
                0x00000000200044c0        0x1 CMakeFiles/myFOC.elf.dir/Middlewares/Third_Party/RealThread_RTOS/src/scheduler.c.obj
                0x00000000200044c0                rt_current_priority
 *fill*         0x00000000200044c1        0x3 
 .bss.rt_current_thread
                0x00000000200044c4        0x4 CMakeFiles/myFOC.elf.dir/Middlewares/Third_Party/RealThread_RTOS/src/scheduler.c.obj
                0x00000000200044c4                rt_current_thread
 .bss.rt_scheduler_lock_nest
                0x00000000200044c8        0x2 CMakeFiles/myFOC.elf.dir/Middlewares/Third_Party/RealThread_RTOS/src/scheduler.c.obj
 *fill*         0x00000000200044ca        0x2 
 .bss.rt_thread_defunct
                0x00000000200044cc        0x8 CMakeFiles/myFOC.elf.dir/Middlewares/Third_Party/RealThread_RTOS/src/scheduler.c.obj
                0x00000000200044cc                rt_thread_defunct
 .bss.rt_thread_priority_table
                0x00000000200044d4      0x100 CMakeFiles/myFOC.elf.dir/Middlewares/Third_Party/RealThread_RTOS/src/scheduler.c.obj
                0x00000000200044d4                rt_thread_priority_table
 .bss.rt_thread_ready_priority_group
                0x00000000200045d4        0x4 CMakeFiles/myFOC.elf.dir/Middlewares/Third_Party/RealThread_RTOS/src/scheduler.c.obj
                0x00000000200045d4                rt_thread_ready_priority_group
 .bss.random_nr.4717
                0x00000000200045d8        0x4 CMakeFiles/myFOC.elf.dir/Middlewares/Third_Party/RealThread_RTOS/src/timer.c.obj
 .bss.rt_timer_list
                0x00000000200045dc        0x8 CMakeFiles/myFOC.elf.dir/Middlewares/Third_Party/RealThread_RTOS/src/timer.c.obj
 *(COMMON)
                0x00000000200045e4                . = ALIGN (0x4)
                0x00000000200045e4                _ebss = .
                0x00000000200045e4                __bss_end__ = _ebss

._user_heap_stack
                0x00000000200045e4      0x604 load address 0x0000000008005f50
                0x00000000200045e8                . = ALIGN (0x8)
 *fill*         0x00000000200045e4        0x4 
                [!provide]                        PROVIDE (end = .)
                0x00000000200045e8                PROVIDE (_end = .)
                0x00000000200047e8                . = (. + _Min_Heap_Size)
 *fill*         0x00000000200045e8      0x200 
                0x0000000020004be8                . = (. + _Min_Stack_Size)
 *fill*         0x00000000200047e8      0x400 
                0x0000000020004be8                . = ALIGN (0x8)

/DISCARD/
 libc.a(*)
 libm.a(*)
 libgcc.a(*)

.ARM.attributes
                0x0000000000000000       0x29
 *(.ARM.attributes)
 .ARM.attributes
                0x0000000000000000       0x1d /usr/lib/gcc/arm-none-eabi/9.2.1/thumb/v7-m/nofp/crti.o
 .ARM.attributes
                0x000000000000001d       0x2d /usr/lib/gcc/arm-none-eabi/9.2.1/thumb/v7-m/nofp/crtbegin.o
 .ARM.attributes
                0x000000000000004a       0x2d CMakeFiles/myFOC.elf.dir/Core/Src/adc.c.obj
 .ARM.attributes
                0x0000000000000077       0x2d CMakeFiles/myFOC.elf.dir/Core/Src/gpio.c.obj
 .ARM.attributes
                0x00000000000000a4       0x2d CMakeFiles/myFOC.elf.dir/Core/Src/main.c.obj
 .ARM.attributes
                0x00000000000000d1       0x2d CMakeFiles/myFOC.elf.dir/Core/Src/stm32f1xx_hal_msp.c.obj
 .ARM.attributes
                0x00000000000000fe       0x2d CMakeFiles/myFOC.elf.dir/Core/Src/stm32f1xx_it.c.obj
 .ARM.attributes
                0x000000000000012b       0x2d CMakeFiles/myFOC.elf.dir/Core/Src/system_stm32f1xx.c.obj
 .ARM.attributes
                0x0000000000000158       0x2d CMakeFiles/myFOC.elf.dir/Core/Src/tim.c.obj
 .ARM.attributes
                0x0000000000000185       0x2d CMakeFiles/myFOC.elf.dir/Core/Src/usart.c.obj
 .ARM.attributes
                0x00000000000001b2       0x21 CMakeFiles/myFOC.elf.dir/Core/Startup/startup_stm32f103vetx.s.obj
 .ARM.attributes
                0x00000000000001d3       0x2d CMakeFiles/myFOC.elf.dir/Drivers/STM32F1xx_HAL_Driver/Src/stm32f1xx_hal.c.obj
 .ARM.attributes
                0x0000000000000200       0x2d CMakeFiles/myFOC.elf.dir/Drivers/STM32F1xx_HAL_Driver/Src/stm32f1xx_hal_adc.c.obj
 .ARM.attributes
                0x000000000000022d       0x2d CMakeFiles/myFOC.elf.dir/Drivers/STM32F1xx_HAL_Driver/Src/stm32f1xx_hal_cortex.c.obj
 .ARM.attributes
                0x000000000000025a       0x2d CMakeFiles/myFOC.elf.dir/Drivers/STM32F1xx_HAL_Driver/Src/stm32f1xx_hal_gpio.c.obj
 .ARM.attributes
                0x0000000000000287       0x2d CMakeFiles/myFOC.elf.dir/Drivers/STM32F1xx_HAL_Driver/Src/stm32f1xx_hal_rcc.c.obj
 .ARM.attributes
                0x00000000000002b4       0x2d CMakeFiles/myFOC.elf.dir/Drivers/STM32F1xx_HAL_Driver/Src/stm32f1xx_hal_rcc_ex.c.obj
 .ARM.attributes
                0x00000000000002e1       0x2d CMakeFiles/myFOC.elf.dir/Drivers/STM32F1xx_HAL_Driver/Src/stm32f1xx_hal_tim.c.obj
 .ARM.attributes
                0x000000000000030e       0x2d CMakeFiles/myFOC.elf.dir/Drivers/STM32F1xx_HAL_Driver/Src/stm32f1xx_hal_tim_ex.c.obj
 .ARM.attributes
                0x000000000000033b       0x2d CMakeFiles/myFOC.elf.dir/Drivers/STM32F1xx_HAL_Driver/Src/stm32f1xx_hal_uart.c.obj
 .ARM.attributes
                0x0000000000000368       0x2d CMakeFiles/myFOC.elf.dir/Middlewares/Third_Party/RealThread_RTOS/bsp/_template/cubemx_config/board.c.obj
 .ARM.attributes
                0x0000000000000395       0x2d CMakeFiles/myFOC.elf.dir/Middlewares/Third_Party/RealThread_RTOS/components/finsh/cmd.c.obj
 .ARM.attributes
                0x00000000000003c2       0x2d CMakeFiles/myFOC.elf.dir/Middlewares/Third_Party/RealThread_RTOS/components/finsh/msh.c.obj
 .ARM.attributes
                0x00000000000003ef       0x2d CMakeFiles/myFOC.elf.dir/Middlewares/Third_Party/RealThread_RTOS/components/finsh/shell.c.obj
 .ARM.attributes
                0x000000000000041c       0x21 CMakeFiles/myFOC.elf.dir/Middlewares/Third_Party/RealThread_RTOS/libcpu/arm/cortex-m3/context_gcc.S.obj
 .ARM.attributes
                0x000000000000043d       0x2d CMakeFiles/myFOC.elf.dir/Middlewares/Third_Party/RealThread_RTOS/libcpu/arm/cortex-m3/cpuport.c.obj
 .ARM.attributes
                0x000000000000046a       0x2d CMakeFiles/myFOC.elf.dir/Middlewares/Third_Party/RealThread_RTOS/src/clock.c.obj
 .ARM.attributes
                0x0000000000000497       0x2d CMakeFiles/myFOC.elf.dir/Middlewares/Third_Party/RealThread_RTOS/src/components.c.obj
 .ARM.attributes
                0x00000000000004c4       0x2d CMakeFiles/myFOC.elf.dir/Middlewares/Third_Party/RealThread_RTOS/src/idle.c.obj
 .ARM.attributes
                0x00000000000004f1       0x2d CMakeFiles/myFOC.elf.dir/Middlewares/Third_Party/RealThread_RTOS/src/ipc.c.obj
 .ARM.attributes
                0x000000000000051e       0x2d CMakeFiles/myFOC.elf.dir/Middlewares/Third_Party/RealThread_RTOS/src/irq.c.obj
 .ARM.attributes
                0x000000000000054b       0x2d CMakeFiles/myFOC.elf.dir/Middlewares/Third_Party/RealThread_RTOS/src/kservice.c.obj
 .ARM.attributes
                0x0000000000000578       0x2d CMakeFiles/myFOC.elf.dir/Middlewares/Third_Party/RealThread_RTOS/src/mem.c.obj
 .ARM.attributes
                0x00000000000005a5       0x2d CMakeFiles/myFOC.elf.dir/Middlewares/Third_Party/RealThread_RTOS/src/object.c.obj
 .ARM.attributes
                0x00000000000005d2       0x2d CMakeFiles/myFOC.elf.dir/Middlewares/Third_Party/RealThread_RTOS/src/scheduler.c.obj
 .ARM.attributes
                0x00000000000005ff       0x2d CMakeFiles/myFOC.elf.dir/Middlewares/Third_Party/RealThread_RTOS/src/thread.c.obj
 .ARM.attributes
                0x000000000000062c       0x2d CMakeFiles/myFOC.elf.dir/Middlewares/Third_Party/RealThread_RTOS/src/timer.c.obj
 .ARM.attributes
                0x0000000000000659       0x2d CMakeFiles/myFOC.elf.dir/RT-Thread/rt_task.c.obj
 .ARM.attributes
                0x0000000000000686       0x1d /usr/lib/gcc/arm-none-eabi/9.2.1/thumb/v7-m/nofp/libgcc.a(_arm_mulsf3.o)
 .ARM.attributes
                0x00000000000006a3       0x1d /usr/lib/gcc/arm-none-eabi/9.2.1/thumb/v7-m/nofp/libgcc.a(_arm_addsubsf3.o)
 .ARM.attributes
                0x00000000000006c0       0x1d /usr/lib/gcc/arm-none-eabi/9.2.1/thumb/v7-m/nofp/libgcc.a(_arm_fixsfsi.o)
 .ARM.attributes
                0x00000000000006dd       0x2d /usr/lib/gcc/arm-none-eabi/9.2.1/../../../arm-none-eabi/lib/thumb/v7-m/nofp/libg.a(lib_a-atexit.o)
 .ARM.attributes
                0x000000000000070a       0x2d /usr/lib/gcc/arm-none-eabi/9.2.1/../../../arm-none-eabi/lib/thumb/v7-m/nofp/libg.a(lib_a-fini.o)
 .ARM.attributes
                0x0000000000000737       0x2d /usr/lib/gcc/arm-none-eabi/9.2.1/../../../arm-none-eabi/lib/thumb/v7-m/nofp/libg.a(lib_a-impure.o)
 .ARM.attributes
                0x0000000000000764       0x2d /usr/lib/gcc/arm-none-eabi/9.2.1/../../../arm-none-eabi/lib/thumb/v7-m/nofp/libg.a(lib_a-init.o)
 .ARM.attributes
                0x0000000000000791       0x1b /usr/lib/gcc/arm-none-eabi/9.2.1/../../../arm-none-eabi/lib/thumb/v7-m/nofp/libg.a(lib_a-memcpy.o)
 .ARM.attributes
                0x00000000000007ac       0x2d /usr/lib/gcc/arm-none-eabi/9.2.1/../../../arm-none-eabi/lib/thumb/v7-m/nofp/libg.a(lib_a-memset.o)
 .ARM.attributes
                0x00000000000007d9       0x2d /usr/lib/gcc/arm-none-eabi/9.2.1/../../../arm-none-eabi/lib/thumb/v7-m/nofp/libg.a(lib_a-strlen-stub.o)
 .ARM.attributes
                0x0000000000000806       0x2d /usr/lib/gcc/arm-none-eabi/9.2.1/../../../arm-none-eabi/lib/thumb/v7-m/nofp/libg.a(lib_a-strncmp.o)
 .ARM.attributes
                0x0000000000000833       0x2d /usr/lib/gcc/arm-none-eabi/9.2.1/../../../arm-none-eabi/lib/thumb/v7-m/nofp/libg.a(lib_a-strncpy.o)
 .ARM.attributes
                0x0000000000000860       0x2d /usr/lib/gcc/arm-none-eabi/9.2.1/../../../arm-none-eabi/lib/thumb/v7-m/nofp/libg.a(lib_a-__atexit.o)
 .ARM.attributes
                0x000000000000088d       0x2d /usr/lib/gcc/arm-none-eabi/9.2.1/../../../arm-none-eabi/lib/thumb/v7-m/nofp/libg.a(lib_a-__call_atexit.o)
 .ARM.attributes
                0x00000000000008ba       0x2d /usr/lib/gcc/arm-none-eabi/9.2.1/thumb/v7-m/nofp/crtend.o
 .ARM.attributes
                0x00000000000008e7       0x1d /usr/lib/gcc/arm-none-eabi/9.2.1/thumb/v7-m/nofp/crtn.o
OUTPUT(myFOC.elf elf32-littlearm)
LOAD linker stubs
LOAD /usr/lib/gcc/arm-none-eabi/9.2.1/../../../arm-none-eabi/lib/thumb/v7-m/nofp/libc.a
LOAD /usr/lib/gcc/arm-none-eabi/9.2.1/../../../arm-none-eabi/lib/thumb/v7-m/nofp/libm.a
LOAD /usr/lib/gcc/arm-none-eabi/9.2.1/thumb/v7-m/nofp/libgcc.a

.comment        0x0000000000000000       0xa7
 .comment       0x0000000000000000       0x59 /usr/lib/gcc/arm-none-eabi/9.2.1/thumb/v7-m/nofp/crtbegin.o
                                         0x5a (size before relaxing)
 .comment       0x0000000000000059       0x5a CMakeFiles/myFOC.elf.dir/Core/Src/adc.c.obj
 .comment       0x0000000000000059       0x5a CMakeFiles/myFOC.elf.dir/Core/Src/gpio.c.obj
 .comment       0x0000000000000059       0x5a CMakeFiles/myFOC.elf.dir/Core/Src/main.c.obj
 .comment       0x0000000000000059       0x5a CMakeFiles/myFOC.elf.dir/Core/Src/stm32f1xx_hal_msp.c.obj
 .comment       0x0000000000000059       0x5a CMakeFiles/myFOC.elf.dir/Core/Src/stm32f1xx_it.c.obj
 .comment       0x0000000000000059       0x5a CMakeFiles/myFOC.elf.dir/Core/Src/system_stm32f1xx.c.obj
 .comment       0x0000000000000059       0x5a CMakeFiles/myFOC.elf.dir/Core/Src/tim.c.obj
 .comment       0x0000000000000059       0x5a CMakeFiles/myFOC.elf.dir/Core/Src/usart.c.obj
 .comment       0x0000000000000059       0x5a CMakeFiles/myFOC.elf.dir/Drivers/STM32F1xx_HAL_Driver/Src/stm32f1xx_hal.c.obj
 .comment       0x0000000000000059       0x5a CMakeFiles/myFOC.elf.dir/Drivers/STM32F1xx_HAL_Driver/Src/stm32f1xx_hal_adc.c.obj
 .comment       0x0000000000000059       0x5a CMakeFiles/myFOC.elf.dir/Drivers/STM32F1xx_HAL_Driver/Src/stm32f1xx_hal_cortex.c.obj
 .comment       0x0000000000000059       0x5a CMakeFiles/myFOC.elf.dir/Drivers/STM32F1xx_HAL_Driver/Src/stm32f1xx_hal_gpio.c.obj
 .comment       0x0000000000000059       0x5a CMakeFiles/myFOC.elf.dir/Drivers/STM32F1xx_HAL_Driver/Src/stm32f1xx_hal_rcc.c.obj
 .comment       0x0000000000000059       0x5a CMakeFiles/myFOC.elf.dir/Drivers/STM32F1xx_HAL_Driver/Src/stm32f1xx_hal_rcc_ex.c.obj
 .comment       0x0000000000000059       0x5a CMakeFiles/myFOC.elf.dir/Drivers/STM32F1xx_HAL_Driver/Src/stm32f1xx_hal_tim.c.obj
 .comment       0x0000000000000059       0x5a CMakeFiles/myFOC.elf.dir/Drivers/STM32F1xx_HAL_Driver/Src/stm32f1xx_hal_tim_ex.c.obj
 .comment       0x0000000000000059       0x5a CMakeFiles/myFOC.elf.dir/Drivers/STM32F1xx_HAL_Driver/Src/stm32f1xx_hal_uart.c.obj
 .comment       0x0000000000000059       0x5a CMakeFiles/myFOC.elf.dir/Middlewares/Third_Party/RealThread_RTOS/bsp/_template/cubemx_config/board.c.obj
 .comment       0x0000000000000059       0x5a CMakeFiles/myFOC.elf.dir/Middlewares/Third_Party/RealThread_RTOS/components/finsh/cmd.c.obj
 .comment       0x0000000000000059       0x5a CMakeFiles/myFOC.elf.dir/Middlewares/Third_Party/RealThread_RTOS/components/finsh/msh.c.obj
 .comment       0x0000000000000059       0x5a CMakeFiles/myFOC.elf.dir/Middlewares/Third_Party/RealThread_RTOS/components/finsh/shell.c.obj
 .comment       0x0000000000000059       0x5a CMakeFiles/myFOC.elf.dir/Middlewares/Third_Party/RealThread_RTOS/libcpu/arm/cortex-m3/cpuport.c.obj
 .comment       0x0000000000000059       0x5a CMakeFiles/myFOC.elf.dir/Middlewares/Third_Party/RealThread_RTOS/src/clock.c.obj
 .comment       0x0000000000000059       0x5a CMakeFiles/myFOC.elf.dir/Middlewares/Third_Party/RealThread_RTOS/src/components.c.obj
 .comment       0x0000000000000059       0x5a CMakeFiles/myFOC.elf.dir/Middlewares/Third_Party/RealThread_RTOS/src/idle.c.obj
 .comment       0x0000000000000059       0x5a CMakeFiles/myFOC.elf.dir/Middlewares/Third_Party/RealThread_RTOS/src/ipc.c.obj
 .comment       0x0000000000000059       0x5a CMakeFiles/myFOC.elf.dir/Middlewares/Third_Party/RealThread_RTOS/src/irq.c.obj
 .comment       0x0000000000000059       0x5a CMakeFiles/myFOC.elf.dir/Middlewares/Third_Party/RealThread_RTOS/src/kservice.c.obj
 .comment       0x0000000000000059       0x5a CMakeFiles/myFOC.elf.dir/Middlewares/Third_Party/RealThread_RTOS/src/mem.c.obj
 .comment       0x0000000000000059       0x5a CMakeFiles/myFOC.elf.dir/Middlewares/Third_Party/RealThread_RTOS/src/object.c.obj
 .comment       0x0000000000000059       0x5a CMakeFiles/myFOC.elf.dir/Middlewares/Third_Party/RealThread_RTOS/src/scheduler.c.obj
 .comment       0x0000000000000059       0x5a CMakeFiles/myFOC.elf.dir/Middlewares/Third_Party/RealThread_RTOS/src/thread.c.obj
 .comment       0x0000000000000059       0x5a CMakeFiles/myFOC.elf.dir/Middlewares/Third_Party/RealThread_RTOS/src/timer.c.obj
 .comment       0x0000000000000059       0x5a CMakeFiles/myFOC.elf.dir/RT-Thread/rt_task.c.obj
 .comment       0x0000000000000059       0x4e /usr/lib/gcc/arm-none-eabi/9.2.1/../../../arm-none-eabi/lib/thumb/v7-m/nofp/libg.a(lib_a-atexit.o)
                                         0x4f (size before relaxing)
 .comment       0x00000000000000a7       0x4f /usr/lib/gcc/arm-none-eabi/9.2.1/../../../arm-none-eabi/lib/thumb/v7-m/nofp/libg.a(lib_a-fini.o)
 .comment       0x00000000000000a7       0x4f /usr/lib/gcc/arm-none-eabi/9.2.1/../../../arm-none-eabi/lib/thumb/v7-m/nofp/libg.a(lib_a-impure.o)
 .comment       0x00000000000000a7       0x4f /usr/lib/gcc/arm-none-eabi/9.2.1/../../../arm-none-eabi/lib/thumb/v7-m/nofp/libg.a(lib_a-init.o)
 .comment       0x00000000000000a7       0x4f /usr/lib/gcc/arm-none-eabi/9.2.1/../../../arm-none-eabi/lib/thumb/v7-m/nofp/libg.a(lib_a-memset.o)
 .comment       0x00000000000000a7       0x4f /usr/lib/gcc/arm-none-eabi/9.2.1/../../../arm-none-eabi/lib/thumb/v7-m/nofp/libg.a(lib_a-strlen-stub.o)
 .comment       0x00000000000000a7       0x4f /usr/lib/gcc/arm-none-eabi/9.2.1/../../../arm-none-eabi/lib/thumb/v7-m/nofp/libg.a(lib_a-strncmp.o)
 .comment       0x00000000000000a7       0x4f /usr/lib/gcc/arm-none-eabi/9.2.1/../../../arm-none-eabi/lib/thumb/v7-m/nofp/libg.a(lib_a-strncpy.o)
 .comment       0x00000000000000a7       0x4f /usr/lib/gcc/arm-none-eabi/9.2.1/../../../arm-none-eabi/lib/thumb/v7-m/nofp/libg.a(lib_a-__atexit.o)
 .comment       0x00000000000000a7       0x4f /usr/lib/gcc/arm-none-eabi/9.2.1/../../../arm-none-eabi/lib/thumb/v7-m/nofp/libg.a(lib_a-__call_atexit.o)
 .comment       0x00000000000000a7       0x5a /usr/lib/gcc/arm-none-eabi/9.2.1/thumb/v7-m/nofp/crtend.o

.debug_info     0x0000000000000000    0x2536c
 .debug_info    0x0000000000000000      0x91c CMakeFiles/myFOC.elf.dir/Core/Src/adc.c.obj
 .debug_info    0x000000000000091c      0x27e CMakeFiles/myFOC.elf.dir/Core/Src/gpio.c.obj
 .debug_info    0x0000000000000b9a      0xf69 CMakeFiles/myFOC.elf.dir/Core/Src/main.c.obj
 .debug_info    0x0000000000001b03      0x2d9 CMakeFiles/myFOC.elf.dir/Core/Src/stm32f1xx_hal_msp.c.obj
 .debug_info    0x0000000000001ddc      0x1b2 CMakeFiles/myFOC.elf.dir/Core/Src/stm32f1xx_it.c.obj
 .debug_info    0x0000000000001f8e      0x2a5 CMakeFiles/myFOC.elf.dir/Core/Src/system_stm32f1xx.c.obj
 .debug_info    0x0000000000002233      0xe45 CMakeFiles/myFOC.elf.dir/Core/Src/tim.c.obj
 .debug_info    0x0000000000003078      0x8f4 CMakeFiles/myFOC.elf.dir/Core/Src/usart.c.obj
 .debug_info    0x000000000000396c       0x22 CMakeFiles/myFOC.elf.dir/Core/Startup/startup_stm32f103vetx.s.obj
 .debug_info    0x000000000000398e      0x873 CMakeFiles/myFOC.elf.dir/Drivers/STM32F1xx_HAL_Driver/Src/stm32f1xx_hal.c.obj
 .debug_info    0x0000000000004201      0xfe3 CMakeFiles/myFOC.elf.dir/Drivers/STM32F1xx_HAL_Driver/Src/stm32f1xx_hal_adc.c.obj
 .debug_info    0x00000000000051e4      0xe88 CMakeFiles/myFOC.elf.dir/Drivers/STM32F1xx_HAL_Driver/Src/stm32f1xx_hal_cortex.c.obj
 .debug_info    0x000000000000606c      0x72b CMakeFiles/myFOC.elf.dir/Drivers/STM32F1xx_HAL_Driver/Src/stm32f1xx_hal_gpio.c.obj
 .debug_info    0x0000000000006797      0xa80 CMakeFiles/myFOC.elf.dir/Drivers/STM32F1xx_HAL_Driver/Src/stm32f1xx_hal_rcc.c.obj
 .debug_info    0x0000000000007217      0x51a CMakeFiles/myFOC.elf.dir/Drivers/STM32F1xx_HAL_Driver/Src/stm32f1xx_hal_rcc_ex.c.obj
 .debug_info    0x0000000000007731     0x3e02 CMakeFiles/myFOC.elf.dir/Drivers/STM32F1xx_HAL_Driver/Src/stm32f1xx_hal_tim.c.obj